Archive member included because of file (symbol)

/usr/lib/x86_64-linux-gnu/libc_nonshared.a(elf-init.oS)
                              /usr/lib/gcc/x86_64-linux-gnu/4.7/../../../x86_64-linux-gnu/crt1.o (__libc_csu_fini)

Allocating common symbols
Common symbol       size              file

FP                  0x8               main.o
HSPSAVE             0x8               amain.o
FPBuf               0x1f50            main.o
BYELEVEL            0x8               amain.o
_Stekc              0x5000            amain.o
ARGV1               0x8               main.o
ii                  0x4               main.o
buf                 0x28              main.o
T_YDP0              0x4000            amain.o
DP_BUFF             0x9c4000          amain.o
tios0               0x3c              main.o
CIPAddr             0x4               clibs.o

Discarded input sections

 .note.GNU-stack
                0x0000000000000000        0x0 /usr/lib/gcc/x86_64-linux-gnu/4.7/../../../x86_64-linux-gnu/crt1.o
 .gnu_debuglink
                0x0000000000000000        0xc /usr/lib/gcc/x86_64-linux-gnu/4.7/../../../x86_64-linux-gnu/crt1.o
 .note.GNU-stack
                0x0000000000000000        0x0 /usr/lib/gcc/x86_64-linux-gnu/4.7/../../../x86_64-linux-gnu/crti.o
 .gnu_debuglink
                0x0000000000000000        0xc /usr/lib/gcc/x86_64-linux-gnu/4.7/../../../x86_64-linux-gnu/crti.o
 .note.GNU-stack
                0x0000000000000000        0x0 /usr/lib/gcc/x86_64-linux-gnu/4.7/crtbegin.o
 .note.GNU-stack
                0x0000000000000000        0x0 main.o
 .note.GNU-stack
                0x0000000000000000        0x0 clibs.o
 .note.GNU-stack
                0x0000000000000000        0x0 /usr/lib/x86_64-linux-gnu/libc_nonshared.a(elf-init.oS)
 .note.GNU-stack
                0x0000000000000000        0x0 /usr/lib/gcc/x86_64-linux-gnu/4.7/crtend.o
 .note.GNU-stack
                0x0000000000000000        0x0 /usr/lib/gcc/x86_64-linux-gnu/4.7/../../../x86_64-linux-gnu/crtn.o
 .gnu_debuglink
                0x0000000000000000        0xc /usr/lib/gcc/x86_64-linux-gnu/4.7/../../../x86_64-linux-gnu/crtn.o

Memory Configuration

Name             Origin             Length             Attributes
*default*        0x0000000000000000 0xffffffffffffffff

Linker script and memory map

LOAD /usr/lib/gcc/x86_64-linux-gnu/4.7/../../../x86_64-linux-gnu/crt1.o
LOAD /usr/lib/gcc/x86_64-linux-gnu/4.7/../../../x86_64-linux-gnu/crti.o
LOAD /usr/lib/gcc/x86_64-linux-gnu/4.7/crtbegin.o
LOAD amain.o
LOAD main.o
LOAD clibs.o
LOAD /usr/lib/gcc/x86_64-linux-gnu/4.7/../../../x86_64-linux-gnu/libdl.so
LOAD /usr/lib/gcc/x86_64-linux-gnu/4.7/libgcc.a
LOAD /usr/lib/gcc/x86_64-linux-gnu/4.7/libgcc_s.so
LOAD /usr/lib/gcc/x86_64-linux-gnu/4.7/../../../x86_64-linux-gnu/libc.so
START GROUP
LOAD /lib/x86_64-linux-gnu/libc.so.6
LOAD /usr/lib/x86_64-linux-gnu/libc_nonshared.a
LOAD /lib/x86_64-linux-gnu/ld-linux-x86-64.so.2
END GROUP
LOAD /usr/lib/gcc/x86_64-linux-gnu/4.7/libgcc.a
LOAD /usr/lib/gcc/x86_64-linux-gnu/4.7/libgcc_s.so
LOAD /usr/lib/gcc/x86_64-linux-gnu/4.7/crtend.o
LOAD /usr/lib/gcc/x86_64-linux-gnu/4.7/../../../x86_64-linux-gnu/crtn.o
                0x0000000000400000                PROVIDE (__executable_start, 0x400000)
                0x0000000000400200                . = (0x400000 + SIZEOF_HEADERS)

.interp         0x0000000000400200       0x1c
 *(.interp)
 .interp        0x0000000000400200       0x1c /usr/lib/gcc/x86_64-linux-gnu/4.7/../../../x86_64-linux-gnu/crt1.o

.note.ABI-tag   0x000000000040021c       0x20
 .note.ABI-tag  0x000000000040021c       0x20 /usr/lib/gcc/x86_64-linux-gnu/4.7/../../../x86_64-linux-gnu/crt1.o

.note.gnu.build-id
                0x000000000040023c       0x24
 *(.note.gnu.build-id)
 .note.gnu.build-id
                0x000000000040023c       0x24 /usr/lib/gcc/x86_64-linux-gnu/4.7/../../../x86_64-linux-gnu/crt1.o

.hash           0x0000000000400260      0x144
 *(.hash)
 .hash          0x0000000000400260      0x144 /usr/lib/gcc/x86_64-linux-gnu/4.7/../../../x86_64-linux-gnu/crt1.o

.gnu.hash       0x00000000004003a8       0x24
 *(.gnu.hash)
 .gnu.hash      0x00000000004003a8       0x24 /usr/lib/gcc/x86_64-linux-gnu/4.7/../../../x86_64-linux-gnu/crt1.o

.dynsym         0x00000000004003d0      0x3f0
 *(.dynsym)
 .dynsym        0x00000000004003d0      0x3f0 /usr/lib/gcc/x86_64-linux-gnu/4.7/../../../x86_64-linux-gnu/crt1.o

.dynstr         0x00000000004007c0      0x155
 *(.dynstr)
 .dynstr        0x00000000004007c0      0x155 /usr/lib/gcc/x86_64-linux-gnu/4.7/../../../x86_64-linux-gnu/crt1.o

.gnu.version    0x0000000000400916       0x54
 *(.gnu.version)
 .gnu.version   0x0000000000400916       0x54 /usr/lib/gcc/x86_64-linux-gnu/4.7/../../../x86_64-linux-gnu/crt1.o

.gnu.version_d  0x0000000000400970        0x0
 *(.gnu.version_d)
 .gnu.version_d
                0x0000000000000000        0x0 /usr/lib/gcc/x86_64-linux-gnu/4.7/../../../x86_64-linux-gnu/crt1.o

.gnu.version_r  0x0000000000400970       0x20
 *(.gnu.version_r)
 .gnu.version_r
                0x0000000000400970       0x20 /usr/lib/gcc/x86_64-linux-gnu/4.7/../../../x86_64-linux-gnu/crt1.o

.rela.dyn       0x0000000000400990       0x30
 *(.rela.init)
 *(.rela.text .rela.text.* .rela.gnu.linkonce.t.*)
 .rela.text     0x0000000000000000        0x0 /usr/lib/gcc/x86_64-linux-gnu/4.7/../../../x86_64-linux-gnu/crt1.o
 *(.rela.fini)
 *(.rela.rodata .rela.rodata.* .rela.gnu.linkonce.r.*)
 *(.rela.data .rela.data.* .rela.gnu.linkonce.d.*)
 .rela.data     0x0000000000000000        0x0 /usr/lib/gcc/x86_64-linux-gnu/4.7/../../../x86_64-linux-gnu/crt1.o
 *(.rela.tdata .rela.tdata.* .rela.gnu.linkonce.td.*)
 *(.rela.tbss .rela.tbss.* .rela.gnu.linkonce.tb.*)
 *(.rela.ctors)
 *(.rela.dtors)
 *(.rela.got)
 .rela.got      0x0000000000400990       0x18 /usr/lib/gcc/x86_64-linux-gnu/4.7/../../../x86_64-linux-gnu/crt1.o
 *(.rela.bss .rela.bss.* .rela.gnu.linkonce.b.*)
 .rela.bss      0x00000000004009a8       0x18 /usr/lib/gcc/x86_64-linux-gnu/4.7/../../../x86_64-linux-gnu/crt1.o
 *(.rela.ldata .rela.ldata.* .rela.gnu.linkonce.l.*)
 *(.rela.lbss .rela.lbss.* .rela.gnu.linkonce.lb.*)
 *(.rela.lrodata .rela.lrodata.* .rela.gnu.linkonce.lr.*)
 *(.rela.ifunc)

.rela.plt       0x00000000004009c0      0x390
 *(.rela.plt)
 .rela.plt      0x00000000004009c0      0x390 /usr/lib/gcc/x86_64-linux-gnu/4.7/../../../x86_64-linux-gnu/crt1.o
                0x0000000000400d50                PROVIDE (__rela_iplt_start, .)
 *(.rela.iplt)
 .rela.iplt     0x0000000000000000        0x0 /usr/lib/gcc/x86_64-linux-gnu/4.7/../../../x86_64-linux-gnu/crt1.o
                0x0000000000400d50                PROVIDE (__rela_iplt_end, .)

.init           0x0000000000400d50        0xe
 *(.init)
 .init          0x0000000000400d50        0x9 /usr/lib/gcc/x86_64-linux-gnu/4.7/../../../x86_64-linux-gnu/crti.o
                0x0000000000400d50                _init
 .init          0x0000000000400d59        0x5 /usr/lib/gcc/x86_64-linux-gnu/4.7/../../../x86_64-linux-gnu/crtn.o

.plt            0x0000000000400d60      0x270
 *(.plt)
 .plt           0x0000000000400d60      0x270 /usr/lib/gcc/x86_64-linux-gnu/4.7/../../../x86_64-linux-gnu/crt1.o
                0x0000000000400d70                free@@GLIBC_2.2.5
                0x0000000000400d80                puts@@GLIBC_2.2.5
                0x0000000000400d90                clone@@GLIBC_2.2.5
                0x0000000000400da0                strtod@@GLIBC_2.2.5
                0x0000000000400db0                setsockopt@@GLIBC_2.2.5
                0x0000000000400dc0                write@@GLIBC_2.2.5
                0x0000000000400dd0                getpid@@GLIBC_2.2.5
                0x0000000000400de0                strlen@@GLIBC_2.2.5
                0x0000000000400df0                chdir@@GLIBC_2.2.5
                0x0000000000400e00                htons@@GLIBC_2.2.5
                0x0000000000400e10                printf@@GLIBC_2.2.5
                0x0000000000400e20                strrchr@@GLIBC_2.2.5
                0x0000000000400e30                lseek@@GLIBC_2.2.5
                0x0000000000400e40                memset@@GLIBC_2.2.5
                0x0000000000400e50                ioctl@@GLIBC_2.2.5
                0x0000000000400e60                close@@GLIBC_2.2.5
                0x0000000000400e70                isspace@@GLIBC_2.2.5
                0x0000000000400e80                read@@GLIBC_2.2.5
                0x0000000000400e90                __libc_start_main@@GLIBC_2.2.5
                0x0000000000400ea0                fgets@@GLIBC_2.2.5
                0x0000000000400eb0                gethostbyname@@GLIBC_2.2.5
                0x0000000000400ec0                kill@@GLIBC_2.2.5
                0x0000000000400ed0                malloc@@GLIBC_2.2.5
                0x0000000000400ee0                listen@@GLIBC_2.2.5
                0x0000000000400ef0                ntohs@@GLIBC_2.2.5
                0x0000000000400f00                bind@@GLIBC_2.2.5
                0x0000000000400f10                tcgetattr@@GLIBC_2.2.5
                0x0000000000400f20                tcsetattr@@GLIBC_2.2.5
                0x0000000000400f30                open@@GLIBC_2.2.5
                0x0000000000400f40                perror@@GLIBC_2.2.5
                0x0000000000400f50                bzero@@GLIBC_2.2.5
                0x0000000000400f60                accept@@GLIBC_2.2.5
                0x0000000000400f70                sprintf@@GLIBC_2.2.5
                0x0000000000400f80                getppid@@GLIBC_2.2.5
                0x0000000000400f90                exit@@GLIBC_2.2.5
                0x0000000000400fa0                connect@@GLIBC_2.2.5
                0x0000000000400fb0                fork@@GLIBC_2.2.5
                0x0000000000400fc0                socket@@GLIBC_2.2.5
 *(.iplt)
 .iplt          0x0000000000000000        0x0 /usr/lib/gcc/x86_64-linux-gnu/4.7/../../../x86_64-linux-gnu/crt1.o

.text           0x0000000000400fd0     0x11dc
 *(.text.unlikely .text.*_unlikely)
 *(.text.exit .text.exit.*)
 *(.text.startup .text.startup.*)
 *(.text.hot .text.hot.*)
 *(.text .stub .text.* .gnu.linkonce.t.*)
 .text          0x0000000000400fd0       0x2c /usr/lib/gcc/x86_64-linux-gnu/4.7/../../../x86_64-linux-gnu/crt1.o
                0x0000000000400fd0                _start
 .text          0x0000000000400ffc       0x17 /usr/lib/gcc/x86_64-linux-gnu/4.7/../../../x86_64-linux-gnu/crti.o
 *fill*         0x0000000000401013        0xd 90909090
 .text          0x0000000000401020       0xba /usr/lib/gcc/x86_64-linux-gnu/4.7/crtbegin.o
 *fill*         0x00000000004010da        0x2 90909090
 .text          0x00000000004010dc       0x5a amain.o
                0x00000000004010e8                amain
                0x00000000004010e8                tst0
 *fill*         0x0000000000401136        0x2 90909090
 .text          0x0000000000401138      0xb9e main.o
                0x0000000000401138                _0e
                0x000000000040115f                x1e
                0x000000000040118b                ZTO_FLOAT
                0x0000000000401209                F_dot_STR
                0x0000000000401278                f_store
                0x000000000040129e                f_plus
                0x00000000004012e3                f_minus
                0x0000000000401328                f_star
                0x000000000040136d                f_slash
                0x00000000004013b2                f_zero_less
                0x00000000004013de                f_zero_equal
                0x000000000040140a                f_less_than
                0x000000000040144c                f_to_d
                0x0000000000401462                f_fetch
                0x000000000040148f                ss_to_f
                0x00000000004014d3                d_to_f
                0x0000000000401500                FCELL_
                0x000000000040150b                f_init
                0x000000000040151c                f_tst
                0x0000000000401536                f_tst1
                0x0000000000401546                f_tst2
                0x0000000000401556                RWGet
                0x0000000000401561                ROGet
                0x000000000040156c                WOGet
                0x0000000000401577                SEEK_SETGet
                0x0000000000401582                O_CREATGet
                0x000000000040158d                HPOINT
                0x00000000004015ae                mtell
                0x00000000004015cf                rmlseek
                0x00000000004015f7                mlseek
                0x0000000000401620                LOPEN
                0x000000000040164c                LACCEPT
                0x00000000004016a6                LARGV1
                0x00000000004016b3                LZTYPE
                0x00000000004016cd                LBYE
                0x00000000004016db                save_term
                0x00000000004016f0                restore_term
                0x000000000040170a                echo_off
                0x0000000000401744                echo_on
                0x000000000040177e                C_KEY
                0x0000000000401885                C_KEYQUERY
                0x0000000000401994                C_ACCEPT
                0x0000000000401b5d                L_ACCEPT
                0x0000000000401c38                wherexy
                0x0000000000401c8c                zzzz
                0x0000000000401c9c                main
 *fill*         0x0000000000401cd6        0x2 90909090
 .text          0x0000000000401cd8      0x42b clibs.o
                0x0000000000401cd8                c_sock_open
                0x0000000000401dc1                c_sock_lconnect
                0x0000000000401de2                hostname2ip
                0x0000000000401e2a                c_getmyip
                0x0000000000401f1f                c_create_server
                0x000000000040200b                c_sock_accept
                0x0000000000402082                c_sock_listen
                0x000000000040209e                c_getpid
                0x00000000004020a9                c_getppid
                0x00000000004020b4                c_clone
                0x00000000004020ec                c_exit
 *fill*         0x0000000000402103        0xd 90909090
 .text          0x0000000000402110       0x99 /usr/lib/x86_64-linux-gnu/libc_nonshared.a(elf-init.oS)
                0x0000000000402110                __libc_csu_fini
                0x0000000000402120                __libc_csu_init
 *fill*         0x00000000004021a9        0x3 90909090
 .text          0x00000000004021ac        0x0 /usr/lib/gcc/x86_64-linux-gnu/4.7/crtend.o
 .text          0x00000000004021ac        0x0 /usr/lib/gcc/x86_64-linux-gnu/4.7/../../../x86_64-linux-gnu/crtn.o
 *(.gnu.warning)

.fini           0x00000000004021ac        0x9
 *(.fini)
 .fini          0x00000000004021ac        0x4 /usr/lib/gcc/x86_64-linux-gnu/4.7/../../../x86_64-linux-gnu/crti.o
                0x00000000004021ac                _fini
 .fini          0x00000000004021b0        0x5 /usr/lib/gcc/x86_64-linux-gnu/4.7/../../../x86_64-linux-gnu/crtn.o
                0x00000000004021b5                PROVIDE (__etext, .)
                0x00000000004021b5                PROVIDE (_etext, .)
                0x00000000004021b5                PROVIDE (etext, .)

.rodata         0x00000000004021b8       0xee
 *(.rodata .rodata.* .gnu.linkonce.r.*)
 .rodata.cst4   0x00000000004021b8        0x4 /usr/lib/gcc/x86_64-linux-gnu/4.7/../../../x86_64-linux-gnu/crt1.o
                0x00000000004021b8                _IO_stdin_used
 .rodata        0x00000000004021bc        0xc main.o
 .rodata        0x00000000004021c8       0xde clibs.o

.rodata1
 *(.rodata1)

.eh_frame_hdr   0x00000000004022a8      0x1ec
 *(.eh_frame_hdr)
 .eh_frame_hdr  0x00000000004022a8      0x1ec /usr/lib/gcc/x86_64-linux-gnu/4.7/../../../x86_64-linux-gnu/crt1.o

.eh_frame       0x0000000000402498      0x7b4
 *(.eh_frame)
 .eh_frame      0x0000000000402498       0x40 /usr/lib/gcc/x86_64-linux-gnu/4.7/../../../x86_64-linux-gnu/crt1.o
 .eh_frame      0x00000000004024d8      0x5d0 main.o
                                        0x5e0 (size before relaxing)
 .eh_frame      0x0000000000402aa8      0x160 clibs.o
                                        0x178 (size before relaxing)
 .eh_frame      0x0000000000402c08       0x40 /usr/lib/x86_64-linux-gnu/libc_nonshared.a(elf-init.oS)
                                         0x50 (size before relaxing)
 .eh_frame      0x0000000000402c48        0x4 /usr/lib/gcc/x86_64-linux-gnu/4.7/crtend.o

.gcc_except_table
 *(.gcc_except_table .gcc_except_table.*)

.exception_ranges
 *(.exception_ranges .exception_ranges*)
                0x0000000000402c4c                . = (ALIGN (0x200000) - ((0x200000 - .) & 0x1fffff))
                0x0000000000603000                . = DATA_SEGMENT_ALIGN (0x200000, 0x1000)

.eh_frame
 *(.eh_frame)

.gcc_except_table
 *(.gcc_except_table .gcc_except_table.*)

.exception_ranges
 *(.exception_ranges .exception_ranges*)

.tdata
 *(.tdata .tdata.* .gnu.linkonce.td.*)

.tbss
 *(.tbss .tbss.* .gnu.linkonce.tb.*)
 *(.tcommon)

.preinit_array  0x0000000000603000        0x0
                0x0000000000603000                PROVIDE (__preinit_array_start, .)
 *(.preinit_array)
                0x0000000000603000                PROVIDE (__preinit_array_end, .)

.init_array     0x0000000000603000        0x8
                0x0000000000603000                PROVIDE (__init_array_start, .)
 *(SORT(.init_array.*) SORT(.ctors.*))
 *(.init_array)
 .init_array    0x0000000000603000        0x8 /usr/lib/gcc/x86_64-linux-gnu/4.7/crtbegin.o
 *(EXCLUDE_FILE(*crtend?.o *crtend.o *crtbegin?.o *crtbegin.o) .ctors)
                0x0000000000603008                PROVIDE (__init_array_end, .)

.fini_array     0x0000000000603008        0x8
                0x0000000000603008                PROVIDE (__fini_array_start, .)
 *(SORT(.fini_array.*) SORT(.dtors.*))
 *(.fini_array)
 .fini_array    0x0000000000603008        0x8 /usr/lib/gcc/x86_64-linux-gnu/4.7/crtbegin.o
 *(EXCLUDE_FILE(*crtend?.o *crtend.o *crtbegin?.o *crtbegin.o) .dtors)
                0x0000000000603010                PROVIDE (__fini_array_end, .)

.ctors
 *crtbegin.o(.ctors)
 *crtbegin?.o(.ctors)
 *(EXCLUDE_FILE(*crtend?.o *crtend.o) .ctors)
 *(SORT(.ctors.*))
 *(.ctors)

.dtors
 *crtbegin.o(.dtors)
 *crtbegin?.o(.dtors)
 *(EXCLUDE_FILE(*crtend?.o *crtend.o) .dtors)
 *(SORT(.dtors.*))
 *(.dtors)

.jcr            0x0000000000603010        0x8
 *(.jcr)
 .jcr           0x0000000000603010        0x0 /usr/lib/gcc/x86_64-linux-gnu/4.7/crtbegin.o
 .jcr           0x0000000000603010        0x8 /usr/lib/gcc/x86_64-linux-gnu/4.7/crtend.o

.data.rel.ro
 *(.data.rel.ro.local* .gnu.linkonce.d.rel.ro.local.*)
 *(.data.rel.ro* .gnu.linkonce.d.rel.ro.*)

.dynamic        0x0000000000603018      0x1f0
 *(.dynamic)
 .dynamic       0x0000000000603018      0x1f0 /usr/lib/gcc/x86_64-linux-gnu/4.7/../../../x86_64-linux-gnu/crt1.o
                0x0000000000603018                _DYNAMIC

.got            0x0000000000603208        0x8
 *(.got)
 .got           0x0000000000603208        0x8 /usr/lib/gcc/x86_64-linux-gnu/4.7/../../../x86_64-linux-gnu/crt1.o
 *(.igot)
                0x0000000000603210                . = DATA_SEGMENT_RELRO_END (., 0x18)

.got.plt        0x0000000000603210      0x148
 *(.got.plt)
 .got.plt       0x0000000000603210      0x148 /usr/lib/gcc/x86_64-linux-gnu/4.7/../../../x86_64-linux-gnu/crt1.o
                0x0000000000603210                _GLOBAL_OFFSET_TABLE_
 *(.igot.plt)
 .igot.plt      0x0000000000000000        0x0 /usr/lib/gcc/x86_64-linux-gnu/4.7/../../../x86_64-linux-gnu/crt1.o

.data           0x0000000000603360     0xa088
 *(.data .data.* .gnu.linkonce.d.*)
 .data          0x0000000000603360        0x4 /usr/lib/gcc/x86_64-linux-gnu/4.7/../../../x86_64-linux-gnu/crt1.o
                0x0000000000603360                data_start
                0x0000000000603360                __data_start
 .data          0x0000000000603364        0x0 /usr/lib/gcc/x86_64-linux-gnu/4.7/../../../x86_64-linux-gnu/crti.o
 *fill*         0x0000000000603364        0x4 00
 .data          0x0000000000603368        0x8 /usr/lib/gcc/x86_64-linux-gnu/4.7/crtbegin.o
                0x0000000000603368                __dso_handle
 .data          0x0000000000603370     0x9f59 amain.o
                0x000000000060337f                TT
                0x0000000000603397                ZTYPE
                0x00000000006033b5                HELLO
                0x00000000006033e5                DUP
                0x00000000006033ff                OVER
                0x000000000060341d                SWAP
                0x0000000000603439                ROT
                0x000000000060345b                subROT
                0x000000000060347d                DROP
                0x00000000006034b7                _2DUP
                0x00000000006034da                _2DROP
                0x00000000006034f5                _2SWAP
                0x0000000000603522                PICK
                0x0000000000603539                TUCK
                0x0000000000603559                Lload
                0x000000000060356c                load
                0x000000000060357f                Aload
                0x0000000000603592                Cload
                0x00000000006035a5                Wload
                0x00000000006035b8                _2load
                0x00000000006035d7                Lsave
                0x00000000006035f3                save
                0x0000000000603612                addsave
                0x000000000060362f                Csave
                0x000000000060364c                Wsave
                0x000000000060366a                _0save
                0x000000000060368a                _1addsave
                0x00000000006036a4                equ
                0x00000000006036c4                D0equ
                0x00000000006036f4                UMIN
                0x0000000000603714                UMAX
                0x0000000000603733                MIN
                0x0000000000603752                MAX
                0x0000000000603771                ABS
                0x000000000060378e                NEGATE
                0x00000000006037a5                INVERT
                0x00000000006037b8                _1add
                0x00000000006037dd                _1sub
                0x00000000006037f1                _2sub
                0x0000000000603805                _2add
                0x000000000060381c                CELLS
                0x0000000000603837                CELLsub
                0x000000000060384e                CELLadd
                0x0000000000603866                QCELLadd
                0x000000000060387d                COUNT
                0x000000000060389e                UgreatD
                0x00000000006038ba                SgreatD
                0x00000000006038dd                HsubSTDOUT
                0x00000000006038fd                UMrslMOD
                0x0000000000603923                Ursl
                0x0000000000603945                UMmul
                0x000000000060395f                mul
                0x0000000000603975                rsl
                0x0000000000603996                MOD
                0x00000000006039bb                rslMOD
                0x00000000006039df                LSHIFT
                0x0000000000603a00                RSHIFT
                0x0000000000603a22                ARSHIFT
                0x0000000000603a41                queDUP
                0x0000000000603a59                great
                0x0000000000603a7a                less
                0x0000000000603a9c                lessgreat
                0x0000000000603abb                _0lessgreat
                0x0000000000603ad1                _0great
                0x0000000000603af7                Ugreat
                0x0000000000603b12                Uless
                0x0000000000603b31                WITHIN
                0x0000000000603b57                OR
                0x0000000000603b70                AND
                0x0000000000603b87                sub
                0x0000000000603bb5                DNEGATE
                0x0000000000603bd7                Dadd
                0x0000000000603bf8                PFdot
                0x0000000000603c28                ZTOFLOAT
                0x0000000000603c3f                Fadd
                0x0000000000603c5a                Fsub
                0x0000000000603c75                Fmul
                0x0000000000603c90                Frsl
                0x0000000000603cab                _1e
                0x0000000000603cc6                Fsave
                0x0000000000603cdd                Fload
                0x0000000000603cf5                FgreatD
                0x0000000000603d1a                DgreatF
                0x0000000000603d3c                Rload
                0x0000000000603d59                Rgreat
                0x0000000000603d80                greatR
                0x0000000000603d9c                _2Rgreat
                0x0000000000603dcd                _2greatR
                0x0000000000603dec                _2Rload
                0x0000000000603e13                SPload
                0x0000000000603e2f                SPsave
                0x0000000000603e48                RPload
                0x0000000000603e66                RPsave
                0x0000000000603e92                TlsIndexSet
                0x0000000000603eaa                CDR
                0x0000000000603ec4                NAMEgreat
                0x0000000000603edb                NAMEgreatF
                0x0000000000603ef1                FILL
                0x0000000000603f4a                CMOVEgreat
                0x0000000000603f80                CMOVE
                0x0000000000603fab                ASCIIZgreat
                0x0000000000603fdc                EXECUTE
                0x0000000000604004                _SLITERALsubCODE
                0x000000000060403d                NOOP
                0x000000000060404c                I
                0x0000000000604078                ADDxESPycomTOS
                0x0000000000604095                XDO
                0x00000000006040bf                QBRANCH
                0x00000000006040db                XLIT
                0x0000000000604102                ACCEPT1
                0x000000000060412b                WRITEsubFILE
                0x0000000000604154                READsubFILE
                0x0000000000604195                REPOSITIONsubFILE
                0x00000000006041c9                ZOPENsubFILE
                0x00000000006041f6                CLOSEsubFILE
                0x0000000000604218                FILEsubPOSITION
                0x0000000000604253                FILEsubSIZE
                0x0000000000604289                HALT
                0x00000000006042a5                ALLOCATE
                0x00000000006042d6                FREE
                0x00000000006042f4                ZCD
                0x0000000000604311                VECTsubCODE
                0x0000000000604332                ticDUP_V
                0x0000000000604354                ticDROP_V
                0x0000000000604379                ticcABORTdticcend
                0x0000000000604399                ticTYPE
                0x00000000006043c7                _QTOUSERsubVALUEsubCODE
                0x00000000006043fb                _QUSERsubVALUEsubCODE
                0x0000000000604429                _QCONSTANTsubCODE
                0x000000000060444a                WsubCNT
                0x0000000000604464                greatOUT
                0x0000000000604481                CONTEXT
                0x000000000060449f                SsubO
                0x00000000006044bc                CURRENT
                0x00000000006044d6                BASE
                0x00000000006044f2                CURSTR
                0x0000000000604511                SOURCEsubID
                0x000000000060452f                PAD
                0x0000000000604549                ATIB
                0x0000000000604562                TIB
                0x0000000000604580                greatIN
                0x000000000060459a                nTIB
                0x00000000006045b6                DOESgreatA
                0x00000000006045d0                ERsubU
                0x00000000006045ea                ERsubA
                0x0000000000604607                HANDLER
                0x0000000000604624                CURFILE
                0x000000000060463d                BLK
                0x0000000000604658                STATE
                0x0000000000604675                WARNING
                0x000000000060468d                R_0
                0x00000000006046a5                S0
                0x00000000006046c7                TOVALUEsubCODE
                0x00000000006046ec                VALUEsubCODE
                0x0000000000604714                QTOVALUEsubCODE
                0x000000000060473a                QVALUEsubCODE
                0x0000000000604762                CONSTANTsubCODE
                0x0000000000604786                USERsubCODE
                0x00000000006047ac                CREATEsubCODE
                0x00000000006047d4                CLITERALsubCODE
                0x00000000006047fd                _CLITERALsubCODE
                0x0000000000604829                SLITERALsubCODE
                0x0000000000604856                _TOUSERsubVALUEsubCODE
                0x0000000000604884                _TOVALUEsubCODE
                0x00000000006048ae                _QTOVALUEsubCODE
                0x00000000006048d3                _VECTsubCODE
                0x00000000006048f6                _USERsubVALUEsubCODE
                0x0000000000604919                USERadd
                0x0000000000604933                _USERsubCODE
                0x0000000000604965                _CONSTANTsubCODE
                0x000000000060498b                _VALUEsubCODE
                0x00000000006049b2                _QVALUEsubCODE
                0x00000000006049d9                _CREATEsubCODE
                0x00000000006049f8                VOCsubLIST
                0x0000000000604a15                BYE
                0x0000000000604a35                FORTHsubWORDLIST
                0x0000000000604a54                LAST
                0x0000000000604a77                USERsubOFFS
                0x0000000000604a98                UPPER_V
                0x0000000000604ab8                TCYDP0
                0x0000000000604adc                SOCK_OPEN
                0x0000000000604b08                GET_LOCALIP
                0x0000000000604b2c                CREATE_SERVER
                0x0000000000604b4b                SOCK_ACCEPT
                0x0000000000604b6a                SOCK_LISTEN
                0x0000000000604b85                GET_PID
                0x0000000000604ba4                GET_PPID
                0x0000000000604bbf                FORK
                0x0000000000604bd8                one_rshift
                0x0000000000604bea                one_lshift
                0x0000000000604c05                IMAGEBEGIN
                0x0000000000604c22                DP
                0x0000000000604c3f                NNN
                0x0000000000605d4e                LASTWORD
                0x0000000000605d5e                Qcom
                0x0000000000605d79                CONSTANT
                0x0000000000605da3                INCLUDED
                0x0000000000605db8                DO
                0x0000000000605dcf                LOOP
                0x0000000000605deb                ALIGNsubNOP
                0x0000000000605e5c                HIDE
                0x0000000000605e88                SMUDGE
                0x0000000000605eda                CsubSMUDGE
                0x0000000000605ef3                HLD
                0x0000000000605f10                SHEADER
                0x0000000000605f2d                rskrsk
                0x0000000000605f42                lsklsk
                0x0000000000605f94                endMODULE
                0x0000000000605fb2                EXPORT
                0x0000000000605fd1                MODULEdcoma
                0x0000000000606056                INIT
                0x0000000000606138                MM
                0x000000000060615c                COMMANDLINE
                0x0000000000606191                RRR
                0x00000000006061b1                ARG
                0x00000000006061cc                TTF
                0x00000000006061ee                THTST
                0x0000000000606210                SPINIT
                0x0000000000606231                EMIT
                0x0000000000606250                TYPE
                0x000000000060626e                ttt
                0x0000000000606284                TTT
                0x00000000006062ac                TSTVAR
                0x00000000006062cb                TITLE
                0x00000000006063b0                REFILL
                0x0000000000606480                QUERY
                0x00000000006064ba                CONSOLEsubHANDLES
                0x00000000006064cd                lessPREgreat
                0x00000000006064ed                PSKIP
                0x000000000060653a                PARSE
                0x0000000000606589                PARSEsubNAME
                0x00000000006065a4                NextWord
                0x00000000006065c1                PARSEsubWORD
                0x00000000006065fa                UPPER_NW
                0x000000000060662b                UPPER
                0x0000000000606691                UPC
                0x00000000006066d4                UPPER_SCR
                0x000000000060670e                ParseWord
                0x000000000060674c                SkipUpTo
                0x000000000060679c                SkipWord
                0x00000000006067d4                OnNotDelimiter
                0x0000000000606809                SkipDelimiters
                0x0000000000606852                OnDelimiter
                0x000000000060687b                GetChar
                0x00000000006068c1                IsDelimiter
                0x00000000006068e6                PeekChar
                0x0000000000606906                CharAddr
                0x0000000000606937                EndOfChunk
                0x000000000060696a                SOURCEsave
                0x0000000000606997                SOURCE
                0x00000000006069b7                CrslL
                0x00000000006069e0                ZZZZRR
                0x0000000000606a00                RECURSE
                0x0000000000606a46                AGAIN
                0x0000000000606adb                REPEAT
                0x0000000000606b74                WHILE
                0x0000000000606b96                UNTIL
                0x0000000000606c66                BEGIN
                0x0000000000606c9a                BREAK
                0x0000000000606cb6                THEN
                0x0000000000606cd2                ELSE
                0x0000000000606d09                IF
                0x0000000000606d41                greatRESOLVE
                0x0000000000606db1                greatRESOLVE1
                0x0000000000606def                greatORESOLVE
                0x0000000000606e60                greatORESOLVE1
                0x0000000000606e9f                lessMARK
                0x0000000000606eb7                greatMARK
                0x0000000000606ee5                queBRANCHcom
                0x0000000000606f55                CLITcom
                0x0000000000606f8a                SLITcom
                0x0000000000606fbc                ALIGNED
                0x0000000000607036                ALIGNsubBYTES
                0x0000000000607051                ALIGN
                0x0000000000607084                dticcom
                0x000000000060709f                Sdticcom
                0x00000000006070be                Scom
                0x00000000006070ef                DLITcom
                0x0000000000607110                LITcom
                0x000000000060714d                RETcom
                0x0000000000607170                BRANCHcom
                0x00000000006071bd                COMPILEcom
                0x00000000006071d9                _COMPILEcom
                0x000000000060721b                HERE
                0x000000000060723c                READsubLINE
                0x0000000000607420                _dos
                0x000000000060743b                _addr
                0x0000000000607455                _fp2
                0x000000000060746f                _fp1
                0x000000000060748f                UNIXsubLINES
                0x00000000006074cc                DOSsubLINES
                0x0000000000607503                LTL
                0x000000000060751f                LT
                0x0000000000607548                lpNumberOfBytesRead
                0x0000000000607569                CREATEsubFILE
                0x0000000000607594                OPENsubFILE
                0x00000000006075c5                ZslTOrsl
                0x0000000000607633                DELETEsubFILE
                0x0000000000607658                SA
                0x000000000060768b                FILEsubBUFF
                0x00000000006076a5                KEYque
                0x00000000006076c5                KKEYque
                0x00000000006076e0                KEY
                0x00000000006076ff                KKEY
                0x000000000060771d                SPACES
                0x0000000000607759                SPACE
                0x0000000000607773                BL
                0x000000000060779b                _EMIT
                0x00000000006077cd                EMITVAR
                0x00000000006077e9                CR
                0x0000000000607807                _CR
                0x000000000060782f                WXTYPE
                0x0000000000607858                WXZTYPEsubBUFF
                0x0000000000607970                TYPE1
                0x0000000000607993                ACCEPT
                0x00000000006079b5                ACCEPT2
                0x0000000000607a0d                ACCEPT2_
                0x0000000000607b2c                DO1B
                0x0000000000607dea                LAST_STP
                0x0000000000607f04                ACC_END
                0x0000000000608042                ACC_HOME
                0x00000000006080bb                ACC_LEFT
                0x00000000006080f8                ACC_EMIT
                0x0000000000608138                ACC_DELETE
                0x00000000006081bb                ACC_INSERT
                0x000000000060823a                ATsubXYque
                0x00000000006082a2                READsubCDNUMBER
                0x0000000000608319                ATsubXY
                0x00000000006083a6                ANSI_ESCAPE
                0x00000000006083d7                ACCEPT0
                0x0000000000608590                greatNUMBER
                0x0000000000608643                DIGIT
                0x0000000000608765                cdotdticcend
                0x0000000000608781                DUMP
                0x00000000006088c2                PTYPE
                0x000000000060890f                greatPRT
                0x0000000000608947                dot0
                0x00000000006089c7                Hdot
                0x00000000006089fa                Udot
                0x0000000000608a15                UdotR
                0x0000000000608a38                dotR
                0x0000000000608a5d                DdotR
                0x0000000000608a94                dot
                0x0000000000608aae                Ddot
                0x0000000000608acf                cDdotcend
                0x0000000000608b09                SIGN
                0x0000000000608b37                ngreat
                0x0000000000608b6a                nS
                0x0000000000608b93                n
                0x0000000000608c1d                lessn
                0x0000000000608c5b                HOLD
                0x0000000000608c93                DECIMAL
                0x0000000000608cb7                HEX
                0x0000000000608cdb                MHdot
                0x00000000006090da                ABORT
                0x00000000006090fb                CATCH
                0x0000000000609168                lessSETsubEXCsubHANDLERgreat
                0x0000000000609188                THROW
                0x0000000000609209                FATALsubHANDLER
                0x0000000000609227                CFL
                0x0000000000609248                GETsubCURRENT
                0x000000000060926b                SETsubCURRENT
                0x0000000000609288                RDROP
                0x00000000006092d0                Wcom
                0x00000000006092fd                Ccom
                0x000000000060932f                Lcom
                0x000000000060935f                ALLOT
                0x000000000060937c                WORDS
                0x000000000060939e                NLIST
                0x00000000006094ab                queCRsubBREAK
                0x00000000006095a6                VOCsubNAMEdot
                0x0000000000609643                PREVIOUS
                0x0000000000609677                ALSO
                0x00000000006096a7                SETsubORDER
                0x0000000000609779                ORDER
                0x000000000060980f                ONLY
                0x0000000000609832                LATEST
                0x0000000000609854                FORTH
                0x000000000060987a                GETsubORDER
                0x00000000006098ef                DEFINITIONS
                0x0000000000609911                FIND1
                0x0000000000609956                SFIND
                0x0000000000609a06                SEARCHsubWORDLIST1
                0x0000000000609ad4                SEARCHsubWORDLIST
                0x0000000000609af3                FIND
                0x0000000000609b18                WordByAddr
                0x0000000000609ba8                NEAR_NFA
                0x0000000000609c16                WL_NEAR_NFA_M
                0x0000000000609cad                WL_NEAR_NFA_N
                0x0000000000609cfa                WL_NEAR_NFA
                0x0000000000609d47                N_UMAX
                0x0000000000609da8                queVOC
                0x0000000000609dd4                queIMMEDIATE
                0x0000000000609dfe                WORDLIST
                0x0000000000609e78                VOC
                0x0000000000609eb7                PARload
                0x0000000000609eea                PARsave
                0x0000000000609f1f                CLASSload
                0x0000000000609f62                CLASSsave
                0x0000000000609fa8                IMMEDIATE
                0x0000000000609fe8                addWORD
                0x000000000060a02e                addSWORD
                0x000000000060a073                greatBODY
                0x000000000060a093                andVOC
                0x000000000060a0b3                andIMMEDIATE
                0x000000000060a0cc                IDdot
                0x000000000060a0ed                queLITERAL2
                0x000000000060a10f                queSLITERAL2
                0x000000000060a28c                HEXsubSLITERAL
                0x000000000060a374                queLITERAL1
                0x000000000060a396                queSLITERAL1
                0x000000000060a4b3                subsub
                0x000000000060a4cb                FIELD
                0x000000000060a51e                slEOF
                0x000000000060a549                EXIT
                0x000000000060a55d                end
                0x000000000060a591                xCOMPILEy
                0x000000000060a5af                c
                0x000000000060a60c                dotc
                0x000000000060a62e                sl
                0x000000000060a657                POSTPONE
                0x000000000060a6d0                TO
                0x000000000060a79a                REQUIRE
                0x000000000060a7dc                REQUIRED
                0x000000000060a823                INCLUDED_
                0x000000000060a8ab                INCLUDEsubFILE
                0x000000000060a9d3                EVALUATE
                0x000000000060aa8d                RESTOREsubSOURCE
                0x000000000060aae7                SAVEsubSOURCE
                0x000000000060ab26                FMAIN
                0x000000000060ab6b                MAIN1
                0x000000000060aba1                QUIT
                0x000000000060abcd                y
                0x000000000060abeb                x
                0x000000000060ac06                OK1
                0x000000000060aca4                TYPE_BUFFadd
                0x000000000060acc5                TYPE_BUFF
                0x000000000060ad49                dotSN
                0x000000000060ae36                INTERPRET
                0x000000000060ae5d                andINTERPRET
                0x000000000060ae81                INTERPRET_
                0x000000000060af0b                CHAR
                0x000000000060af29                tic
                0x000000000060af63                WORD
                0x000000000060aff9                queCOMP
                0x000000000060b035                queSTACK
                0x000000000060b089                DEPTH
                0x000000000060b0c9                PROCESSsubERR
                0x000000000060b0f0                SOURCEsubIDsubXT
                0x000000000060b114                queSLITERAL
                0x000000000060b137                queLITERAL
                0x000000000060b158                lessMAINgreat
                0x000000000060b176                OKdot
                0x000000000060b199                ERROR_DO
                0x000000000060b344                ERRsubTYPE
                0x000000000060b3bc                cABORT1dticcend
                0x000000000060b40c                queERROR
                0x000000000060b442                _ERROR_DO
                0x000000000060b522                SAVEERR
                0x000000000060b588                ERRFILE
                0x000000000060b7a1                ERRTIB
                0x000000000060b9bc                cABORTdticcend
                0x000000000060b9dc                ERROR
                0x000000000060b9fc                ERgreatIN
                0x000000000060ba1e                ERCURSTR
                0x000000000060ba40                greatIN_WORD
                0x000000000060ba62                SAVEERRque
                0x000000000060ba82                UNLOOP
                0x000000000060bab6                LEAVE
                0x000000000060baf8                addLOOP
                0x000000000060bbba                _LOOP
                0x000000000060bc87                queDO
                0x000000000060be50                _DO
                0x000000000060becb                USER
                0x000000000060bef7                USERsubCREATE
                0x000000000060bf3e                USERsubALIGNED
                0x000000000060bf93                USERsubHERE
                0x000000000060bfb5                USERsubALLOT
                0x000000000060bfd7                VOCABULARY
                0x000000000060c044                dcoma
                0x000000000060c06b                subgreatVARIABLE
                0x000000000060c091                VECT
                0x000000000060c0cb                VALUE
                0x000000000060c10d                VARIABLE
                0x000000000060c143                cDOES1cend
                0x000000000060c188                DOESgreat
                0x000000000060c1ba                CREATE
                0x000000000060c1d9                CREATED
                0x000000000060c20b                HEADER
                0x000000000060c22b                YSHEADER
                0x000000000060c2ff                queYDPgreatlessDP
                0x000000000060c34c                YDPgreatlessDP
                0x000000000060c388                YDP_FL
                0x000000000060c3af                YDP0
                0x000000000060c3cc                YDP
                0x000000000060c3ee                LASTsubNON
                0x000000000060c411                LASTsubCFA
                0x000000000060c42d                ABORTdtic
                0x000000000060c45a                xCHARy
                0x000000000060c483                dotdtic
                0x000000000060c4a7                Cdtic
                0x000000000060c4ca                Sdtic
                0x000000000060c4f3                CLITERAL
                0x000000000060c523                SLITERAL
                0x000000000060c575                _2LITERAL
                0x000000000060c5a4                LITERAL
                0x000000000060c5cf                xticy
                0x000000000060c5ef                RrslW
                0x000000000060c60a                WrslO
                0x000000000060c625                RrslO
                0x000000000060c645                NOTFOUND
                0x000000000060c6c6                FLITERAL
                0x000000000060c6f3                FLITcom
                0x000000000060c716                Fcom
                0x000000000060c741                FLIT
                0x000000000060c778                greatFLOAT
                0x000000000060c7db                ZFLOAT
                0x000000000060c8f3                FCELL
                0x000000000060c90d                Fless
                0x000000000060c928                F0equ
                0x000000000060c943                F0less
                0x000000000060c95d                Fdot
                0x000000000060c97a                CHARS
                0x000000000060c989                com
                0x000000000060c9ae                lessticgreat
                0x000000000060c9f5                RELload
                0x000000000060ca18                SHORTque
                0x000000000060ca49                ASCIIsubZ
                0x000000000060ca90                doladdsave
                0x000000000060caa5                dolsave
                0x000000000060cac9                TOUSERsubVALUEsubCODE
                0x000000000060cafb                USERsubVALUEsubCODE
                0x000000000060cb27                DOESsubCODE
                0x000000000060cb51                CaddPLACE
                0x000000000060cb83                addPLACE
                0x000000000060cbe6                PLACE
                0x000000000060cc2c                dticCLIPdtic
                0x000000000060cc5c                MAXCOUNTED
                0x000000000060cc76                MOVE
                0x000000000060ccec                ON
                0x000000000060cd10                OFF
                0x000000000060cd38                xSEARCH
                0x000000000060cdd7                xCOMPARE
                0x000000000060cead                SEARCH
                0x000000000060cf4c                COMPARE
                0x000000000060d026                AASAVE0
                0x000000000060d046                AASAVE
                0x000000000060d065                BLANK
                0x000000000060d082                ERASE
                0x000000000060d0a2                _0MAX
                0x000000000060d0c2                DABS
                0x000000000060d0ee                DBG1
                0x000000000060d0ff                DBG
                0x000000000060d112                FALSE
                0x000000000060d12c                TRUE
                0x000000000060d146                CELL
                0x000000000060d162                xTHENy
                0x000000000060d174                xIFy
                0x000000000060d19d                xELSEy
                0x000000000060d2bb                V_UPPER
 *fill*         0x000000000060d2c9        0x3 00
 .data          0x000000000060d2cc        0x0 main.o
 *fill*         0x000000000060d2cc       0x14 00
 .data          0x000000000060d2e0      0x108 clibs.o
                0x000000000060d2e0                inet_addr_buff
                0x000000000060d3e0                inet_addr_buf
 .data          0x000000000060d3e8        0x0 /usr/lib/x86_64-linux-gnu/libc_nonshared.a(elf-init.oS)
 .data          0x000000000060d3e8        0x0 /usr/lib/gcc/x86_64-linux-gnu/4.7/crtend.o
 .data          0x000000000060d3e8        0x0 /usr/lib/gcc/x86_64-linux-gnu/4.7/../../../x86_64-linux-gnu/crtn.o

.tm_clone_table
                0x000000000060d3e8        0x0
 .tm_clone_table
                0x000000000060d3e8        0x0 /usr/lib/gcc/x86_64-linux-gnu/4.7/crtbegin.o
 .tm_clone_table
                0x000000000060d3e8        0x0 /usr/lib/gcc/x86_64-linux-gnu/4.7/crtend.o

.data1
 *(.data1)
                0x000000000060d3e8                _edata = .
                0x000000000060d3e8                PROVIDE (edata, .)
                0x000000000060d3e8                __bss_start = .

.bss            0x000000000060d400   0x9cf040
 *(.dynbss)
 .dynbss        0x000000000060d400        0x8 /usr/lib/gcc/x86_64-linux-gnu/4.7/../../../x86_64-linux-gnu/crt1.o
                0x000000000060d400                stdin@@GLIBC_2.2.5
 *(.bss .bss.* .gnu.linkonce.b.*)
 .bss           0x000000000060d408        0x0 /usr/lib/gcc/x86_64-linux-gnu/4.7/../../../x86_64-linux-gnu/crt1.o
 .bss           0x000000000060d408        0x0 /usr/lib/gcc/x86_64-linux-gnu/4.7/../../../x86_64-linux-gnu/crti.o
 .bss           0x000000000060d408        0x1 /usr/lib/gcc/x86_64-linux-gnu/4.7/crtbegin.o
 *fill*         0x000000000060d409        0x3 00
 .bss           0x000000000060d40c        0x0 amain.o
 .bss           0x000000000060d40c        0xc main.o
                0x000000000060d40c                key_query_char
 .bss           0x000000000060d418        0x0 clibs.o
 .bss           0x000000000060d418        0x0 /usr/lib/x86_64-linux-gnu/libc_nonshared.a(elf-init.oS)
 .bss           0x000000000060d418        0x0 /usr/lib/gcc/x86_64-linux-gnu/4.7/crtend.o
 .bss           0x000000000060d418        0x0 /usr/lib/gcc/x86_64-linux-gnu/4.7/../../../x86_64-linux-gnu/crtn.o
 *(COMMON)
 *fill*         0x000000000060d418        0x8 00
 COMMON         0x000000000060d420   0x9cd010 amain.o
                0x000000000060d420                HSPSAVE
                0x000000000060d428                BYELEVEL
                0x000000000060d430                _Stekc
                0x0000000000612430                T_YDP0
                0x0000000000616430                DP_BUFF
 *fill*         0x0000000000fda430       0x10 00
 COMMON         0x0000000000fda440     0x1ffc main.o
                0x0000000000fda440                FP
                0x0000000000fda460                FPBuf
                0x0000000000fdc3b0                ARGV1
                0x0000000000fdc3b8                ii
                0x0000000000fdc3c0                buf
                0x0000000000fdc400                tios0
 COMMON         0x0000000000fdc43c        0x4 clibs.o
                0x0000000000fdc43c                CIPAddr
                0x0000000000fdc440                . = ALIGN ((. != 0x0)?0x8:0x1)

.lbss
 *(.dynlbss)
 *(.lbss .lbss.* .gnu.linkonce.lb.*)
 *(LARGE_COMMON)
                0x0000000000fdc440                . = ALIGN (0x8)

.lrodata
 *(.lrodata .lrodata.* .gnu.linkonce.lr.*)

.ldata          0x00000000013dc440        0x0
 *(.ldata .ldata.* .gnu.linkonce.l.*)
                0x00000000013dc440                . = ALIGN ((. != 0x0)?0x8:0x1)
                0x00000000013dc440                . = ALIGN (0x8)
                0x00000000013dc440                _end = .
                0x00000000013dc440                PROVIDE (end, .)
                0x00000000013dc440                . = DATA_SEGMENT_END (.)

.stab
 *(.stab)

.stabstr
 *(.stabstr)

.stab.excl
 *(.stab.excl)

.stab.exclstr
 *(.stab.exclstr)

.stab.index
 *(.stab.index)

.stab.indexstr
 *(.stab.indexstr)

.comment        0x0000000000000000       0x38
 *(.comment)
 .comment       0x0000000000000000       0x1c /usr/lib/gcc/x86_64-linux-gnu/4.7/crtbegin.o
                                         0x1d (size before relaxing)
 .comment       0x0000000000000000       0x1d main.o
 .comment       0x0000000000000000       0x1d clibs.o
 .comment       0x000000000000001c       0x1c /usr/lib/x86_64-linux-gnu/libc_nonshared.a(elf-init.oS)
                                         0x1d (size before relaxing)
 .comment       0x0000000000000000       0x1d /usr/lib/gcc/x86_64-linux-gnu/4.7/crtend.o

.debug
 *(.debug)

.line
 *(.line)

.debug_srcinfo
 *(.debug_srcinfo)

.debug_sfnames
 *(.debug_sfnames)

.debug_aranges  0x0000000000000000       0xa0
 *(.debug_aranges)
 .debug_aranges
                0x0000000000000000       0x40 amain.o
 .debug_aranges
                0x0000000000000040       0x30 main.o
 .debug_aranges
                0x0000000000000070       0x30 clibs.o

.debug_pubnames
 *(.debug_pubnames)

.debug_info     0x0000000000000000     0x1880
 *(.debug_info .gnu.linkonce.wi.*)
 .debug_info    0x0000000000000000       0x44 amain.o
 .debug_info    0x0000000000000044      0xde9 main.o
 .debug_info    0x0000000000000e2d      0xa53 clibs.o

.debug_abbrev   0x0000000000000000      0x4fa
 *(.debug_abbrev)
 .debug_abbrev  0x0000000000000000       0x12 amain.o
 .debug_abbrev  0x0000000000000012      0x318 main.o
 .debug_abbrev  0x000000000000032a      0x1d0 clibs.o

.debug_line     0x0000000000000000     0x16d9
 *(.debug_line)
 .debug_line    0x0000000000000000     0x12c4 amain.o
 .debug_line    0x00000000000012c4      0x285 main.o
 .debug_line    0x0000000000001549      0x190 clibs.o

.debug_frame
 *(.debug_frame)

.debug_str      0x0000000000000000      0x9eb
 *(.debug_str)
 .debug_str     0x0000000000000000      0x430 main.o
                                        0x496 (size before relaxing)
 .debug_str     0x0000000000000430      0x5bb clibs.o
                                        0x693 (size before relaxing)

.debug_loc      0x0000000000000000     0x154c
 *(.debug_loc)
 .debug_loc     0x0000000000000000     0x112c main.o
 .debug_loc     0x000000000000112c      0x420 clibs.o

.debug_macinfo
 *(.debug_macinfo)

.debug_weaknames
 *(.debug_weaknames)

.debug_funcnames
 *(.debug_funcnames)

.debug_typenames
 *(.debug_typenames)

.debug_varnames
 *(.debug_varnames)

.debug_pubtypes
 *(.debug_pubtypes)

.debug_ranges   0x0000000000000000       0x40
 *(.debug_ranges)
 .debug_ranges  0x0000000000000000       0x40 amain.o

.gnu.attributes
 *(.gnu.attributes)

/DISCARD/
 *(.note.GNU-stack)
 *(.gnu_debuglink)
 *(.gnu.lto_*)
OUTPUT(spf64 elf64-x86-64)
