Archive member included because of file (symbol)

/usr/lib/x86_64-linux-gnu/libc_nonshared.a(elf-init.oS)
                              /usr/lib/gcc/x86_64-linux-gnu/4.7/../../../x86_64-linux-gnu/crt1.o (__libc_csu_fini)

Allocating common symbols
Common symbol       size              file

FP                  0x8               main.o
HSPSAVE             0x8               amain.o
FPBuf               0x1f50            main.o
BYELEVEL            0x8               amain.o
_Stekc              0x5000            amain.o
ARGV1               0x8               main.o
ii                  0x4               main.o
buf                 0x28              main.o
T_YDP0              0x4000            amain.o
DP_BUFF             0x9c4000          amain.o
tios0               0x3c              main.o
CIPAddr             0x4               clibs.o

Discarded input sections

 .note.GNU-stack
                0x0000000000000000        0x0 /usr/lib/gcc/x86_64-linux-gnu/4.7/../../../x86_64-linux-gnu/crt1.o
 .gnu_debuglink
                0x0000000000000000        0xc /usr/lib/gcc/x86_64-linux-gnu/4.7/../../../x86_64-linux-gnu/crt1.o
 .note.GNU-stack
                0x0000000000000000        0x0 /usr/lib/gcc/x86_64-linux-gnu/4.7/../../../x86_64-linux-gnu/crti.o
 .gnu_debuglink
                0x0000000000000000        0xc /usr/lib/gcc/x86_64-linux-gnu/4.7/../../../x86_64-linux-gnu/crti.o
 .note.GNU-stack
                0x0000000000000000        0x0 /usr/lib/gcc/x86_64-linux-gnu/4.7/crtbegin.o
 .note.GNU-stack
                0x0000000000000000        0x0 main.o
 .note.GNU-stack
                0x0000000000000000        0x0 clibs.o
 .note.GNU-stack
                0x0000000000000000        0x0 /usr/lib/x86_64-linux-gnu/libc_nonshared.a(elf-init.oS)
 .note.GNU-stack
                0x0000000000000000        0x0 /usr/lib/gcc/x86_64-linux-gnu/4.7/crtend.o
 .note.GNU-stack
                0x0000000000000000        0x0 /usr/lib/gcc/x86_64-linux-gnu/4.7/../../../x86_64-linux-gnu/crtn.o
 .gnu_debuglink
                0x0000000000000000        0xc /usr/lib/gcc/x86_64-linux-gnu/4.7/../../../x86_64-linux-gnu/crtn.o

Memory Configuration

Name             Origin             Length             Attributes
*default*        0x0000000000000000 0xffffffffffffffff

Linker script and memory map

LOAD /usr/lib/gcc/x86_64-linux-gnu/4.7/../../../x86_64-linux-gnu/crt1.o
LOAD /usr/lib/gcc/x86_64-linux-gnu/4.7/../../../x86_64-linux-gnu/crti.o
LOAD /usr/lib/gcc/x86_64-linux-gnu/4.7/crtbegin.o
LOAD amain.o
LOAD main.o
LOAD clibs.o
LOAD /usr/lib/gcc/x86_64-linux-gnu/4.7/../../../x86_64-linux-gnu/libdl.so
LOAD /usr/lib/gcc/x86_64-linux-gnu/4.7/libgcc.a
LOAD /usr/lib/gcc/x86_64-linux-gnu/4.7/libgcc_s.so
LOAD /usr/lib/gcc/x86_64-linux-gnu/4.7/../../../x86_64-linux-gnu/libc.so
START GROUP
LOAD /lib/x86_64-linux-gnu/libc.so.6
LOAD /usr/lib/x86_64-linux-gnu/libc_nonshared.a
LOAD /lib/x86_64-linux-gnu/ld-linux-x86-64.so.2
END GROUP
LOAD /usr/lib/gcc/x86_64-linux-gnu/4.7/libgcc.a
LOAD /usr/lib/gcc/x86_64-linux-gnu/4.7/libgcc_s.so
LOAD /usr/lib/gcc/x86_64-linux-gnu/4.7/crtend.o
LOAD /usr/lib/gcc/x86_64-linux-gnu/4.7/../../../x86_64-linux-gnu/crtn.o
                0x0000000000400000                PROVIDE (__executable_start, 0x400000)
                0x0000000000400200                . = (0x400000 + SIZEOF_HEADERS)

.interp         0x0000000000400200       0x1c
 *(.interp)
 .interp        0x0000000000400200       0x1c /usr/lib/gcc/x86_64-linux-gnu/4.7/../../../x86_64-linux-gnu/crt1.o

.note.ABI-tag   0x000000000040021c       0x20
 .note.ABI-tag  0x000000000040021c       0x20 /usr/lib/gcc/x86_64-linux-gnu/4.7/../../../x86_64-linux-gnu/crt1.o

.note.gnu.build-id
                0x000000000040023c       0x24
 *(.note.gnu.build-id)
 .note.gnu.build-id
                0x000000000040023c       0x24 /usr/lib/gcc/x86_64-linux-gnu/4.7/../../../x86_64-linux-gnu/crt1.o

.hash           0x0000000000400260      0x144
 *(.hash)
 .hash          0x0000000000400260      0x144 /usr/lib/gcc/x86_64-linux-gnu/4.7/../../../x86_64-linux-gnu/crt1.o

.gnu.hash       0x00000000004003a8       0x24
 *(.gnu.hash)
 .gnu.hash      0x00000000004003a8       0x24 /usr/lib/gcc/x86_64-linux-gnu/4.7/../../../x86_64-linux-gnu/crt1.o

.dynsym         0x00000000004003d0      0x3f0
 *(.dynsym)
 .dynsym        0x00000000004003d0      0x3f0 /usr/lib/gcc/x86_64-linux-gnu/4.7/../../../x86_64-linux-gnu/crt1.o

.dynstr         0x00000000004007c0      0x155
 *(.dynstr)
 .dynstr        0x00000000004007c0      0x155 /usr/lib/gcc/x86_64-linux-gnu/4.7/../../../x86_64-linux-gnu/crt1.o

.gnu.version    0x0000000000400916       0x54
 *(.gnu.version)
 .gnu.version   0x0000000000400916       0x54 /usr/lib/gcc/x86_64-linux-gnu/4.7/../../../x86_64-linux-gnu/crt1.o

.gnu.version_d  0x0000000000400970        0x0
 *(.gnu.version_d)
 .gnu.version_d
                0x0000000000000000        0x0 /usr/lib/gcc/x86_64-linux-gnu/4.7/../../../x86_64-linux-gnu/crt1.o

.gnu.version_r  0x0000000000400970       0x20
 *(.gnu.version_r)
 .gnu.version_r
                0x0000000000400970       0x20 /usr/lib/gcc/x86_64-linux-gnu/4.7/../../../x86_64-linux-gnu/crt1.o

.rela.dyn       0x0000000000400990       0x30
 *(.rela.init)
 *(.rela.text .rela.text.* .rela.gnu.linkonce.t.*)
 .rela.text     0x0000000000000000        0x0 /usr/lib/gcc/x86_64-linux-gnu/4.7/../../../x86_64-linux-gnu/crt1.o
 *(.rela.fini)
 *(.rela.rodata .rela.rodata.* .rela.gnu.linkonce.r.*)
 *(.rela.data .rela.data.* .rela.gnu.linkonce.d.*)
 .rela.data     0x0000000000000000        0x0 /usr/lib/gcc/x86_64-linux-gnu/4.7/../../../x86_64-linux-gnu/crt1.o
 *(.rela.tdata .rela.tdata.* .rela.gnu.linkonce.td.*)
 *(.rela.tbss .rela.tbss.* .rela.gnu.linkonce.tb.*)
 *(.rela.ctors)
 *(.rela.dtors)
 *(.rela.got)
 .rela.got      0x0000000000400990       0x18 /usr/lib/gcc/x86_64-linux-gnu/4.7/../../../x86_64-linux-gnu/crt1.o
 *(.rela.bss .rela.bss.* .rela.gnu.linkonce.b.*)
 .rela.bss      0x00000000004009a8       0x18 /usr/lib/gcc/x86_64-linux-gnu/4.7/../../../x86_64-linux-gnu/crt1.o
 *(.rela.ldata .rela.ldata.* .rela.gnu.linkonce.l.*)
 *(.rela.lbss .rela.lbss.* .rela.gnu.linkonce.lb.*)
 *(.rela.lrodata .rela.lrodata.* .rela.gnu.linkonce.lr.*)
 *(.rela.ifunc)

.rela.plt       0x00000000004009c0      0x390
 *(.rela.plt)
 .rela.plt      0x00000000004009c0      0x390 /usr/lib/gcc/x86_64-linux-gnu/4.7/../../../x86_64-linux-gnu/crt1.o
                0x0000000000400d50                PROVIDE (__rela_iplt_start, .)
 *(.rela.iplt)
 .rela.iplt     0x0000000000000000        0x0 /usr/lib/gcc/x86_64-linux-gnu/4.7/../../../x86_64-linux-gnu/crt1.o
                0x0000000000400d50                PROVIDE (__rela_iplt_end, .)

.init           0x0000000000400d50        0xe
 *(.init)
 .init          0x0000000000400d50        0x9 /usr/lib/gcc/x86_64-linux-gnu/4.7/../../../x86_64-linux-gnu/crti.o
                0x0000000000400d50                _init
 .init          0x0000000000400d59        0x5 /usr/lib/gcc/x86_64-linux-gnu/4.7/../../../x86_64-linux-gnu/crtn.o

.plt            0x0000000000400d60      0x270
 *(.plt)
 .plt           0x0000000000400d60      0x270 /usr/lib/gcc/x86_64-linux-gnu/4.7/../../../x86_64-linux-gnu/crt1.o
                0x0000000000400d70                free@@GLIBC_2.2.5
                0x0000000000400d80                puts@@GLIBC_2.2.5
                0x0000000000400d90                clone@@GLIBC_2.2.5
                0x0000000000400da0                strtod@@GLIBC_2.2.5
                0x0000000000400db0                setsockopt@@GLIBC_2.2.5
                0x0000000000400dc0                write@@GLIBC_2.2.5
                0x0000000000400dd0                getpid@@GLIBC_2.2.5
                0x0000000000400de0                strlen@@GLIBC_2.2.5
                0x0000000000400df0                chdir@@GLIBC_2.2.5
                0x0000000000400e00                htons@@GLIBC_2.2.5
                0x0000000000400e10                printf@@GLIBC_2.2.5
                0x0000000000400e20                strrchr@@GLIBC_2.2.5
                0x0000000000400e30                lseek@@GLIBC_2.2.5
                0x0000000000400e40                memset@@GLIBC_2.2.5
                0x0000000000400e50                ioctl@@GLIBC_2.2.5
                0x0000000000400e60                close@@GLIBC_2.2.5
                0x0000000000400e70                isspace@@GLIBC_2.2.5
                0x0000000000400e80                read@@GLIBC_2.2.5
                0x0000000000400e90                __libc_start_main@@GLIBC_2.2.5
                0x0000000000400ea0                fgets@@GLIBC_2.2.5
                0x0000000000400eb0                gethostbyname@@GLIBC_2.2.5
                0x0000000000400ec0                kill@@GLIBC_2.2.5
                0x0000000000400ed0                malloc@@GLIBC_2.2.5
                0x0000000000400ee0                listen@@GLIBC_2.2.5
                0x0000000000400ef0                ntohs@@GLIBC_2.2.5
                0x0000000000400f00                bind@@GLIBC_2.2.5
                0x0000000000400f10                tcgetattr@@GLIBC_2.2.5
                0x0000000000400f20                tcsetattr@@GLIBC_2.2.5
                0x0000000000400f30                open@@GLIBC_2.2.5
                0x0000000000400f40                perror@@GLIBC_2.2.5
                0x0000000000400f50                bzero@@GLIBC_2.2.5
                0x0000000000400f60                accept@@GLIBC_2.2.5
                0x0000000000400f70                sprintf@@GLIBC_2.2.5
                0x0000000000400f80                getppid@@GLIBC_2.2.5
                0x0000000000400f90                exit@@GLIBC_2.2.5
                0x0000000000400fa0                connect@@GLIBC_2.2.5
                0x0000000000400fb0                fork@@GLIBC_2.2.5
                0x0000000000400fc0                socket@@GLIBC_2.2.5
 *(.iplt)
 .iplt          0x0000000000000000        0x0 /usr/lib/gcc/x86_64-linux-gnu/4.7/../../../x86_64-linux-gnu/crt1.o

.text           0x0000000000400fd0     0x11dc
 *(.text.unlikely .text.*_unlikely)
 *(.text.exit .text.exit.*)
 *(.text.startup .text.startup.*)
 *(.text.hot .text.hot.*)
 *(.text .stub .text.* .gnu.linkonce.t.*)
 .text          0x0000000000400fd0       0x2c /usr/lib/gcc/x86_64-linux-gnu/4.7/../../../x86_64-linux-gnu/crt1.o
                0x0000000000400fd0                _start
 .text          0x0000000000400ffc       0x17 /usr/lib/gcc/x86_64-linux-gnu/4.7/../../../x86_64-linux-gnu/crti.o
 *fill*         0x0000000000401013        0xd 90909090
 .text          0x0000000000401020       0xba /usr/lib/gcc/x86_64-linux-gnu/4.7/crtbegin.o
 *fill*         0x00000000004010da        0x2 90909090
 .text          0x00000000004010dc       0x5a amain.o
                0x00000000004010e8                amain
                0x00000000004010e8                tst0
 *fill*         0x0000000000401136        0x2 90909090
 .text          0x0000000000401138      0xb9e main.o
                0x0000000000401138                _0e
                0x000000000040115f                x1e
                0x000000000040118b                ZTO_FLOAT
                0x0000000000401209                F_dot_STR
                0x0000000000401278                f_store
                0x000000000040129e                f_plus
                0x00000000004012e3                f_minus
                0x0000000000401328                f_star
                0x000000000040136d                f_slash
                0x00000000004013b2                f_zero_less
                0x00000000004013de                f_zero_equal
                0x000000000040140a                f_less_than
                0x000000000040144c                f_to_d
                0x0000000000401462                f_fetch
                0x000000000040148f                ss_to_f
                0x00000000004014d3                d_to_f
                0x0000000000401500                FCELL_
                0x000000000040150b                f_init
                0x000000000040151c                f_tst
                0x0000000000401536                f_tst1
                0x0000000000401546                f_tst2
                0x0000000000401556                RWGet
                0x0000000000401561                ROGet
                0x000000000040156c                WOGet
                0x0000000000401577                SEEK_SETGet
                0x0000000000401582                O_CREATGet
                0x000000000040158d                HPOINT
                0x00000000004015ae                mtell
                0x00000000004015cf                rmlseek
                0x00000000004015f7                mlseek
                0x0000000000401620                LOPEN
                0x000000000040164c                LACCEPT
                0x00000000004016a6                LARGV1
                0x00000000004016b3                LZTYPE
                0x00000000004016cd                LBYE
                0x00000000004016db                save_term
                0x00000000004016f0                restore_term
                0x000000000040170a                echo_off
                0x0000000000401744                echo_on
                0x000000000040177e                C_KEY
                0x0000000000401885                C_KEYQUERY
                0x0000000000401994                C_ACCEPT
                0x0000000000401b5d                L_ACCEPT
                0x0000000000401c38                wherexy
                0x0000000000401c8c                zzzz
                0x0000000000401c9c                main
 *fill*         0x0000000000401cd6        0x2 90909090
 .text          0x0000000000401cd8      0x42b clibs.o
                0x0000000000401cd8                c_sock_open
                0x0000000000401dc1                c_sock_lconnect
                0x0000000000401de2                hostname2ip
                0x0000000000401e2a                c_getmyip
                0x0000000000401f1f                c_create_server
                0x000000000040200b                c_sock_accept
                0x0000000000402082                c_sock_listen
                0x000000000040209e                c_getpid
                0x00000000004020a9                c_getppid
                0x00000000004020b4                c_clone
                0x00000000004020ec                c_exit
 *fill*         0x0000000000402103        0xd 90909090
 .text          0x0000000000402110       0x99 /usr/lib/x86_64-linux-gnu/libc_nonshared.a(elf-init.oS)
                0x0000000000402110                __libc_csu_fini
                0x0000000000402120                __libc_csu_init
 *fill*         0x00000000004021a9        0x3 90909090
 .text          0x00000000004021ac        0x0 /usr/lib/gcc/x86_64-linux-gnu/4.7/crtend.o
 .text          0x00000000004021ac        0x0 /usr/lib/gcc/x86_64-linux-gnu/4.7/../../../x86_64-linux-gnu/crtn.o
 *(.gnu.warning)

.fini           0x00000000004021ac        0x9
 *(.fini)
 .fini          0x00000000004021ac        0x4 /usr/lib/gcc/x86_64-linux-gnu/4.7/../../../x86_64-linux-gnu/crti.o
                0x00000000004021ac                _fini
 .fini          0x00000000004021b0        0x5 /usr/lib/gcc/x86_64-linux-gnu/4.7/../../../x86_64-linux-gnu/crtn.o
                0x00000000004021b5                PROVIDE (__etext, .)
                0x00000000004021b5                PROVIDE (_etext, .)
                0x00000000004021b5                PROVIDE (etext, .)

.rodata         0x00000000004021b8       0xee
 *(.rodata .rodata.* .gnu.linkonce.r.*)
 .rodata.cst4   0x00000000004021b8        0x4 /usr/lib/gcc/x86_64-linux-gnu/4.7/../../../x86_64-linux-gnu/crt1.o
                0x00000000004021b8                _IO_stdin_used
 .rodata        0x00000000004021bc        0xc main.o
 .rodata        0x00000000004021c8       0xde clibs.o

.rodata1
 *(.rodata1)

.eh_frame_hdr   0x00000000004022a8      0x1ec
 *(.eh_frame_hdr)
 .eh_frame_hdr  0x00000000004022a8      0x1ec /usr/lib/gcc/x86_64-linux-gnu/4.7/../../../x86_64-linux-gnu/crt1.o

.eh_frame       0x0000000000402498      0x7b4
 *(.eh_frame)
 .eh_frame      0x0000000000402498       0x40 /usr/lib/gcc/x86_64-linux-gnu/4.7/../../../x86_64-linux-gnu/crt1.o
 .eh_frame      0x00000000004024d8      0x5d0 main.o
                                        0x5e0 (size before relaxing)
 .eh_frame      0x0000000000402aa8      0x160 clibs.o
                                        0x178 (size before relaxing)
 .eh_frame      0x0000000000402c08       0x40 /usr/lib/x86_64-linux-gnu/libc_nonshared.a(elf-init.oS)
                                         0x50 (size before relaxing)
 .eh_frame      0x0000000000402c48        0x4 /usr/lib/gcc/x86_64-linux-gnu/4.7/crtend.o

.gcc_except_table
 *(.gcc_except_table .gcc_except_table.*)

.exception_ranges
 *(.exception_ranges .exception_ranges*)
                0x0000000000402c4c                . = (ALIGN (0x200000) - ((0x200000 - .) & 0x1fffff))
                0x0000000000603000                . = DATA_SEGMENT_ALIGN (0x200000, 0x1000)

.eh_frame
 *(.eh_frame)

.gcc_except_table
 *(.gcc_except_table .gcc_except_table.*)

.exception_ranges
 *(.exception_ranges .exception_ranges*)

.tdata
 *(.tdata .tdata.* .gnu.linkonce.td.*)

.tbss
 *(.tbss .tbss.* .gnu.linkonce.tb.*)
 *(.tcommon)

.preinit_array  0x0000000000603000        0x0
                0x0000000000603000                PROVIDE (__preinit_array_start, .)
 *(.preinit_array)
                0x0000000000603000                PROVIDE (__preinit_array_end, .)

.init_array     0x0000000000603000        0x8
                0x0000000000603000                PROVIDE (__init_array_start, .)
 *(SORT(.init_array.*) SORT(.ctors.*))
 *(.init_array)
 .init_array    0x0000000000603000        0x8 /usr/lib/gcc/x86_64-linux-gnu/4.7/crtbegin.o
 *(EXCLUDE_FILE(*crtend?.o *crtend.o *crtbegin?.o *crtbegin.o) .ctors)
                0x0000000000603008                PROVIDE (__init_array_end, .)

.fini_array     0x0000000000603008        0x8
                0x0000000000603008                PROVIDE (__fini_array_start, .)
 *(SORT(.fini_array.*) SORT(.dtors.*))
 *(.fini_array)
 .fini_array    0x0000000000603008        0x8 /usr/lib/gcc/x86_64-linux-gnu/4.7/crtbegin.o
 *(EXCLUDE_FILE(*crtend?.o *crtend.o *crtbegin?.o *crtbegin.o) .dtors)
                0x0000000000603010                PROVIDE (__fini_array_end, .)

.ctors
 *crtbegin.o(.ctors)
 *crtbegin?.o(.ctors)
 *(EXCLUDE_FILE(*crtend?.o *crtend.o) .ctors)
 *(SORT(.ctors.*))
 *(.ctors)

.dtors
 *crtbegin.o(.dtors)
 *crtbegin?.o(.dtors)
 *(EXCLUDE_FILE(*crtend?.o *crtend.o) .dtors)
 *(SORT(.dtors.*))
 *(.dtors)

.jcr            0x0000000000603010        0x8
 *(.jcr)
 .jcr           0x0000000000603010        0x0 /usr/lib/gcc/x86_64-linux-gnu/4.7/crtbegin.o
 .jcr           0x0000000000603010        0x8 /usr/lib/gcc/x86_64-linux-gnu/4.7/crtend.o

.data.rel.ro
 *(.data.rel.ro.local* .gnu.linkonce.d.rel.ro.local.*)
 *(.data.rel.ro* .gnu.linkonce.d.rel.ro.*)

.dynamic        0x0000000000603018      0x1f0
 *(.dynamic)
 .dynamic       0x0000000000603018      0x1f0 /usr/lib/gcc/x86_64-linux-gnu/4.7/../../../x86_64-linux-gnu/crt1.o
                0x0000000000603018                _DYNAMIC

.got            0x0000000000603208        0x8
 *(.got)
 .got           0x0000000000603208        0x8 /usr/lib/gcc/x86_64-linux-gnu/4.7/../../../x86_64-linux-gnu/crt1.o
 *(.igot)
                0x0000000000603210                . = DATA_SEGMENT_RELRO_END (., 0x18)

.got.plt        0x0000000000603210      0x148
 *(.got.plt)
 .got.plt       0x0000000000603210      0x148 /usr/lib/gcc/x86_64-linux-gnu/4.7/../../../x86_64-linux-gnu/crt1.o
                0x0000000000603210                _GLOBAL_OFFSET_TABLE_
 *(.igot.plt)
 .igot.plt      0x0000000000000000        0x0 /usr/lib/gcc/x86_64-linux-gnu/4.7/../../../x86_64-linux-gnu/crt1.o

.data           0x0000000000603360     0xa0e8
 *(.data .data.* .gnu.linkonce.d.*)
 .data          0x0000000000603360        0x4 /usr/lib/gcc/x86_64-linux-gnu/4.7/../../../x86_64-linux-gnu/crt1.o
                0x0000000000603360                data_start
                0x0000000000603360                __data_start
 .data          0x0000000000603364        0x0 /usr/lib/gcc/x86_64-linux-gnu/4.7/../../../x86_64-linux-gnu/crti.o
 *fill*         0x0000000000603364        0x4 00
 .data          0x0000000000603368        0x8 /usr/lib/gcc/x86_64-linux-gnu/4.7/crtbegin.o
                0x0000000000603368                __dso_handle
 .data          0x0000000000603370     0x9fb7 amain.o
                0x000000000060337f                TT
                0x0000000000603397                ZTYPE
                0x00000000006033b5                HELLO
                0x00000000006033e5                DUP
                0x00000000006033ff                OVER
                0x000000000060341d                SWAP
                0x0000000000603439                ROT
                0x000000000060345b                subROT
                0x000000000060347d                DROP
                0x00000000006034b7                _2DUP
                0x00000000006034da                _2DROP
                0x00000000006034f5                _2SWAP
                0x0000000000603522                PICK
                0x0000000000603539                TUCK
                0x0000000000603559                Lload
                0x000000000060356c                load
                0x000000000060357f                Aload
                0x0000000000603592                Cload
                0x00000000006035a5                Wload
                0x00000000006035b8                _2load
                0x00000000006035d7                _2store
                0x00000000006035fe                Lsave
                0x000000000060361a                save
                0x0000000000603639                addsave
                0x0000000000603656                Csave
                0x0000000000603673                Wsave
                0x0000000000603691                _0save
                0x00000000006036b1                _1addsave
                0x00000000006036cb                equ
                0x00000000006036eb                D0equ
                0x000000000060371b                UMIN
                0x000000000060373b                UMAX
                0x000000000060375a                MIN
                0x0000000000603779                MAX
                0x0000000000603798                ABS
                0x00000000006037b5                NEGATE
                0x00000000006037cc                INVERT
                0x00000000006037df                _1add
                0x0000000000603804                _1sub
                0x0000000000603818                _2sub
                0x000000000060382c                _2add
                0x0000000000603843                CELLS
                0x000000000060385e                CELLsub
                0x0000000000603875                CELLadd
                0x000000000060388d                QCELLadd
                0x00000000006038a4                COUNT
                0x00000000006038c5                UgreatD
                0x00000000006038e1                SgreatD
                0x0000000000603904                HsubSTDOUT
                0x0000000000603924                UMrslMOD
                0x000000000060394a                Ursl
                0x000000000060396c                UMmul
                0x0000000000603986                mul
                0x000000000060399c                rsl
                0x00000000006039bc                one_rshift
                0x00000000006039cf                one_lshift
                0x00000000006039e2                mul_rsl
                0x0000000000603a06                MOD
                0x0000000000603a2b                rslMOD
                0x0000000000603a4f                LSHIFT
                0x0000000000603a70                RSHIFT
                0x0000000000603a92                ARSHIFT
                0x0000000000603ab1                queDUP
                0x0000000000603ac9                great
                0x0000000000603aea                less
                0x0000000000603b0c                lessgreat
                0x0000000000603b2b                _0lessgreat
                0x0000000000603b41                _0great
                0x0000000000603b67                Ugreat
                0x0000000000603b82                Uless
                0x0000000000603ba1                WITHIN
                0x0000000000603bc7                OR
                0x0000000000603be0                AND
                0x0000000000603bf7                sub
                0x0000000000603c25                DNEGATE
                0x0000000000603c47                Dadd
                0x0000000000603c68                PFdot
                0x0000000000603c98                ZTOFLOAT
                0x0000000000603caf                Fadd
                0x0000000000603cca                Fsub
                0x0000000000603ce5                Fmul
                0x0000000000603d00                Frsl
                0x0000000000603d1b                _1e
                0x0000000000603d36                Fsave
                0x0000000000603d4d                Fload
                0x0000000000603d65                FgreatD
                0x0000000000603d8a                DgreatF
                0x0000000000603dac                Rload
                0x0000000000603dc9                Rgreat
                0x0000000000603df0                greatR
                0x0000000000603e0c                _2Rgreat
                0x0000000000603e3d                _2greatR
                0x0000000000603e5c                _2Rload
                0x0000000000603e83                SPload
                0x0000000000603e9f                SPsave
                0x0000000000603eb8                RPload
                0x0000000000603ed6                RPsave
                0x0000000000603efc                UPGet
                0x0000000000603f14                UPSet
                0x0000000000603f2c                CDR
                0x0000000000603f46                NAMEgreat
                0x0000000000603f5d                NAMEgreatF
                0x0000000000603f73                FILL
                0x0000000000603fcc                CMOVEgreat
                0x0000000000604002                CMOVE
                0x000000000060402d                ASCIIZgreat
                0x000000000060405e                EXECUTE
                0x0000000000604086                _SLITERALsubCODE
                0x00000000006040bf                NOOP
                0x00000000006040ce                I
                0x00000000006040fa                ADDxESPycomTOS
                0x0000000000604117                XDO
                0x0000000000604141                QBRANCH
                0x000000000060415d                XLIT
                0x0000000000604184                ACCEPT1
                0x00000000006041ad                WRITEsubFILE
                0x00000000006041d6                READsubFILE
                0x0000000000604217                REPOSITIONsubFILE
                0x000000000060424b                ZOPENsubFILE
                0x0000000000604278                CLOSEsubFILE
                0x000000000060429a                FILEsubPOSITION
                0x00000000006042d5                FILEsubSIZE
                0x000000000060430b                HALT
                0x0000000000604327                ALLOCATE
                0x0000000000604358                FREE
                0x0000000000604376                ZCD
                0x0000000000604393                VECTsubCODE
                0x00000000006043b4                ticDUP_V
                0x00000000006043d6                ticDROP_V
                0x00000000006043fb                ticcABORTdticcend
                0x000000000060441b                ticTYPE
                0x0000000000604449                _QTOUSERsubVALUEsubCODE
                0x000000000060447d                _QUSERsubVALUEsubCODE
                0x00000000006044ab                _QCONSTANTsubCODE
                0x00000000006044cc                WsubCNT
                0x00000000006044e6                greatOUT
                0x0000000000604503                CONTEXT
                0x0000000000604521                SsubO
                0x000000000060453e                CURRENT
                0x0000000000604558                BASE
                0x0000000000604574                CURSTR
                0x0000000000604593                SOURCEsubID
                0x00000000006045b1                PAD
                0x00000000006045cb                ATIB
                0x00000000006045e4                TIB
                0x0000000000604602                greatIN
                0x000000000060461c                nTIB
                0x0000000000604638                DOESgreatA
                0x0000000000604652                ERsubU
                0x000000000060466c                ERsubA
                0x0000000000604689                HANDLER
                0x00000000006046a6                CURFILE
                0x00000000006046bf                BLK
                0x00000000006046da                STATE
                0x00000000006046f7                WARNING
                0x000000000060470f                R_0
                0x0000000000604727                S0
                0x0000000000604749                TOVALUEsubCODE
                0x000000000060476e                VALUEsubCODE
                0x0000000000604796                QTOVALUEsubCODE
                0x00000000006047bc                QVALUEsubCODE
                0x00000000006047e4                CONSTANTsubCODE
                0x0000000000604808                USERsubCODE
                0x000000000060482e                CREATEsubCODE
                0x0000000000604856                CLITERALsubCODE
                0x000000000060487f                _CLITERALsubCODE
                0x00000000006048ab                SLITERALsubCODE
                0x00000000006048d8                _TOUSERsubVALUEsubCODE
                0x0000000000604906                _TOVALUEsubCODE
                0x0000000000604930                _QTOVALUEsubCODE
                0x0000000000604955                _VECTsubCODE
                0x0000000000604978                _USERsubVALUEsubCODE
                0x000000000060499b                USERadd
                0x00000000006049b5                _USERsubCODE
                0x00000000006049e7                _CONSTANTsubCODE
                0x0000000000604a0d                _VALUEsubCODE
                0x0000000000604a34                _QVALUEsubCODE
                0x0000000000604a5b                _CREATEsubCODE
                0x0000000000604a7a                VOCsubLIST
                0x0000000000604a97                BYE
                0x0000000000604ab7                FORTHsubWORDLIST
                0x0000000000604ad6                LAST
                0x0000000000604af9                USERsubOFFS
                0x0000000000604b1a                UPPER_V
                0x0000000000604b3a                TCYDP0
                0x0000000000604b5e                SOCK_OPEN
                0x0000000000604b8a                GET_LOCALIP
                0x0000000000604bae                CREATE_SERVER
                0x0000000000604bcd                SOCK_ACCEPT
                0x0000000000604bec                SOCK_LISTEN
                0x0000000000604c07                GET_PID
                0x0000000000604c26                GET_PPID
                0x0000000000604c41                FORK
                0x0000000000604c63                IMAGEBEGIN
                0x0000000000604c80                DP
                0x0000000000604c9d                NNN
                0x0000000000605dac                LASTWORD
                0x0000000000605dbc                Qcom
                0x0000000000605dd7                CONSTANT
                0x0000000000605e01                INCLUDED
                0x0000000000605e16                DO
                0x0000000000605e2d                LOOP
                0x0000000000605e49                ALIGNsubNOP
                0x0000000000605eba                HIDE
                0x0000000000605ee6                SMUDGE
                0x0000000000605f38                CsubSMUDGE
                0x0000000000605f51                HLD
                0x0000000000605f6e                SHEADER
                0x0000000000605f8b                rskrsk
                0x0000000000605fa0                lsklsk
                0x0000000000605ff2                endMODULE
                0x0000000000606010                EXPORT
                0x000000000060602f                MODULEdcoma
                0x00000000006060b4                INIT
                0x0000000000606196                MM
                0x00000000006061ba                COMMANDLINE
                0x00000000006061ef                RRR
                0x000000000060620f                ARG
                0x000000000060622a                TTF
                0x000000000060624c                THTST
                0x000000000060626e                SPINIT
                0x000000000060628f                EMIT
                0x00000000006062ae                TYPE
                0x00000000006062cc                ttt
                0x00000000006062e2                TTT
                0x000000000060630a                TSTVAR
                0x0000000000606329                TITLE
                0x000000000060640e                REFILL
                0x00000000006064de                QUERY
                0x0000000000606518                CONSOLEsubHANDLES
                0x000000000060652b                lessPREgreat
                0x000000000060654b                PSKIP
                0x0000000000606598                PARSE
                0x00000000006065e7                PARSEsubNAME
                0x0000000000606602                NextWord
                0x000000000060661f                PARSEsubWORD
                0x0000000000606658                UPPER_NW
                0x0000000000606689                UPPER
                0x00000000006066ef                UPC
                0x0000000000606732                UPPER_SCR
                0x000000000060676c                ParseWord
                0x00000000006067aa                SkipUpTo
                0x00000000006067fa                SkipWord
                0x0000000000606832                OnNotDelimiter
                0x0000000000606867                SkipDelimiters
                0x00000000006068b0                OnDelimiter
                0x00000000006068d9                GetChar
                0x000000000060691f                IsDelimiter
                0x0000000000606944                PeekChar
                0x0000000000606964                CharAddr
                0x0000000000606995                EndOfChunk
                0x00000000006069c8                SOURCEsave
                0x00000000006069f5                SOURCE
                0x0000000000606a15                CrslL
                0x0000000000606a3e                ZZZZRR
                0x0000000000606a5e                RECURSE
                0x0000000000606aa4                AGAIN
                0x0000000000606b39                REPEAT
                0x0000000000606bd2                WHILE
                0x0000000000606bf4                UNTIL
                0x0000000000606cc4                BEGIN
                0x0000000000606cf8                BREAK
                0x0000000000606d14                THEN
                0x0000000000606d30                ELSE
                0x0000000000606d67                IF
                0x0000000000606d9f                greatRESOLVE
                0x0000000000606e0f                greatRESOLVE1
                0x0000000000606e4d                greatORESOLVE
                0x0000000000606ebe                greatORESOLVE1
                0x0000000000606efd                lessMARK
                0x0000000000606f15                greatMARK
                0x0000000000606f43                queBRANCHcom
                0x0000000000606fb3                CLITcom
                0x0000000000606fe8                SLITcom
                0x000000000060701a                ALIGNED
                0x0000000000607094                ALIGNsubBYTES
                0x00000000006070af                ALIGN
                0x00000000006070e2                dticcom
                0x00000000006070fd                Sdticcom
                0x000000000060711c                Scom
                0x000000000060714d                DLITcom
                0x000000000060716e                LITcom
                0x00000000006071ab                RETcom
                0x00000000006071ce                BRANCHcom
                0x000000000060721b                COMPILEcom
                0x0000000000607237                _COMPILEcom
                0x0000000000607279                HERE
                0x000000000060729a                READsubLINE
                0x000000000060747e                _dos
                0x0000000000607499                _addr
                0x00000000006074b3                _fp2
                0x00000000006074cd                _fp1
                0x00000000006074ed                UNIXsubLINES
                0x000000000060752a                DOSsubLINES
                0x0000000000607561                LTL
                0x000000000060757d                LT
                0x00000000006075a6                lpNumberOfBytesRead
                0x00000000006075c7                CREATEsubFILE
                0x00000000006075f2                OPENsubFILE
                0x0000000000607623                ZslTOrsl
                0x0000000000607691                DELETEsubFILE
                0x00000000006076b6                SA
                0x00000000006076e9                FILEsubBUFF
                0x0000000000607703                KEYque
                0x0000000000607723                KKEYque
                0x000000000060773e                KEY
                0x000000000060775d                KKEY
                0x000000000060777b                SPACES
                0x00000000006077b7                SPACE
                0x00000000006077d1                BL
                0x00000000006077f9                _EMIT
                0x000000000060782b                EMITVAR
                0x0000000000607847                CR
                0x0000000000607865                _CR
                0x000000000060788d                WXTYPE
                0x00000000006078b6                WXZTYPEsubBUFF
                0x00000000006079ce                TYPE1
                0x00000000006079f1                ACCEPT
                0x0000000000607a13                ACCEPT2
                0x0000000000607a6b                ACCEPT2_
                0x0000000000607b8a                DO1B
                0x0000000000607e48                LAST_STP
                0x0000000000607f62                ACC_END
                0x00000000006080a0                ACC_HOME
                0x0000000000608119                ACC_LEFT
                0x0000000000608156                ACC_EMIT
                0x0000000000608196                ACC_DELETE
                0x0000000000608219                ACC_INSERT
                0x0000000000608298                ATsubXYque
                0x0000000000608300                READsubCDNUMBER
                0x0000000000608377                ATsubXY
                0x0000000000608404                ANSI_ESCAPE
                0x0000000000608435                ACCEPT0
                0x00000000006085ee                greatNUMBER
                0x00000000006086a1                DIGIT
                0x00000000006087c3                cdotdticcend
                0x00000000006087df                DUMP
                0x0000000000608920                PTYPE
                0x000000000060896d                greatPRT
                0x00000000006089a5                dot0
                0x0000000000608a25                Hdot
                0x0000000000608a58                Udot
                0x0000000000608a73                UdotR
                0x0000000000608a96                dotR
                0x0000000000608abb                DdotR
                0x0000000000608af2                dot
                0x0000000000608b0c                Ddot
                0x0000000000608b2d                cDdotcend
                0x0000000000608b67                SIGN
                0x0000000000608b95                ngreat
                0x0000000000608bc8                nS
                0x0000000000608bf1                n
                0x0000000000608c7b                lessn
                0x0000000000608cb9                HOLD
                0x0000000000608cf1                DECIMAL
                0x0000000000608d15                HEX
                0x0000000000608d39                MHdot
                0x0000000000609138                ABORT
                0x0000000000609159                CATCH
                0x00000000006091c6                lessSETsubEXCsubHANDLERgreat
                0x00000000006091e6                THROW
                0x0000000000609267                FATALsubHANDLER
                0x0000000000609285                CFL
                0x00000000006092a6                GETsubCURRENT
                0x00000000006092c9                SETsubCURRENT
                0x00000000006092e6                RDROP
                0x000000000060932e                Wcom
                0x000000000060935b                Ccom
                0x000000000060938d                Lcom
                0x00000000006093bd                ALLOT
                0x00000000006093da                WORDS
                0x00000000006093fc                NLIST
                0x0000000000609509                queCRsubBREAK
                0x0000000000609604                VOCsubNAMEdot
                0x00000000006096a1                PREVIOUS
                0x00000000006096d5                ALSO
                0x0000000000609705                SETsubORDER
                0x00000000006097d7                ORDER
                0x000000000060986d                ONLY
                0x0000000000609890                LATEST
                0x00000000006098b2                FORTH
                0x00000000006098d8                GETsubORDER
                0x000000000060994d                DEFINITIONS
                0x000000000060996f                FIND1
                0x00000000006099b4                SFIND
                0x0000000000609a64                SEARCHsubWORDLIST1
                0x0000000000609b32                SEARCHsubWORDLIST
                0x0000000000609b51                FIND
                0x0000000000609b76                WordByAddr
                0x0000000000609c06                NEAR_NFA
                0x0000000000609c74                WL_NEAR_NFA_M
                0x0000000000609d0b                WL_NEAR_NFA_N
                0x0000000000609d58                WL_NEAR_NFA
                0x0000000000609da5                N_UMAX
                0x0000000000609e06                queVOC
                0x0000000000609e32                queIMMEDIATE
                0x0000000000609e5c                WORDLIST
                0x0000000000609ed6                VOC
                0x0000000000609f15                PARload
                0x0000000000609f48                PARsave
                0x0000000000609f7d                CLASSload
                0x0000000000609fc0                CLASSsave
                0x000000000060a006                IMMEDIATE
                0x000000000060a046                addWORD
                0x000000000060a08c                addSWORD
                0x000000000060a0d1                greatBODY
                0x000000000060a0f1                andVOC
                0x000000000060a111                andIMMEDIATE
                0x000000000060a12a                IDdot
                0x000000000060a14b                queLITERAL2
                0x000000000060a16d                queSLITERAL2
                0x000000000060a2ea                HEXsubSLITERAL
                0x000000000060a3d2                queLITERAL1
                0x000000000060a3f4                queSLITERAL1
                0x000000000060a511                subsub
                0x000000000060a529                FIELD
                0x000000000060a57c                slEOF
                0x000000000060a5a7                EXIT
                0x000000000060a5bb                end
                0x000000000060a5ef                xCOMPILEy
                0x000000000060a60d                c
                0x000000000060a66a                dotc
                0x000000000060a68c                sl
                0x000000000060a6b5                POSTPONE
                0x000000000060a72e                TO
                0x000000000060a7f8                REQUIRE
                0x000000000060a83a                REQUIRED
                0x000000000060a881                INCLUDED_
                0x000000000060a909                INCLUDEsubFILE
                0x000000000060aa31                EVALUATE
                0x000000000060aaeb                RESTOREsubSOURCE
                0x000000000060ab45                SAVEsubSOURCE
                0x000000000060ab84                FMAIN
                0x000000000060abc9                MAIN1
                0x000000000060abff                QUIT
                0x000000000060ac2b                y
                0x000000000060ac49                x
                0x000000000060ac64                OK1
                0x000000000060ad02                TYPE_BUFFadd
                0x000000000060ad23                TYPE_BUFF
                0x000000000060ada7                dotSN
                0x000000000060ae94                INTERPRET
                0x000000000060aebb                andINTERPRET
                0x000000000060aedf                INTERPRET_
                0x000000000060af69                CHAR
                0x000000000060af87                tic
                0x000000000060afc1                WORD
                0x000000000060b057                queCOMP
                0x000000000060b093                queSTACK
                0x000000000060b0e7                DEPTH
                0x000000000060b127                PROCESSsubERR
                0x000000000060b14e                SOURCEsubIDsubXT
                0x000000000060b172                queSLITERAL
                0x000000000060b195                queLITERAL
                0x000000000060b1b6                lessMAINgreat
                0x000000000060b1d4                OKdot
                0x000000000060b1f7                ERROR_DO
                0x000000000060b3a2                ERRsubTYPE
                0x000000000060b41a                cABORT1dticcend
                0x000000000060b46a                queERROR
                0x000000000060b4a0                _ERROR_DO
                0x000000000060b580                SAVEERR
                0x000000000060b5e6                ERRFILE
                0x000000000060b7ff                ERRTIB
                0x000000000060ba1a                cABORTdticcend
                0x000000000060ba3a                ERROR
                0x000000000060ba5a                ERgreatIN
                0x000000000060ba7c                ERCURSTR
                0x000000000060ba9e                greatIN_WORD
                0x000000000060bac0                SAVEERRque
                0x000000000060bae0                UNLOOP
                0x000000000060bb14                LEAVE
                0x000000000060bb56                addLOOP
                0x000000000060bc18                _LOOP
                0x000000000060bce5                queDO
                0x000000000060beae                _DO
                0x000000000060bf29                USER
                0x000000000060bf55                USERsubCREATE
                0x000000000060bf9c                USERsubALIGNED
                0x000000000060bff1                USERsubHERE
                0x000000000060c013                USERsubALLOT
                0x000000000060c035                VOCABULARY
                0x000000000060c0a2                dcoma
                0x000000000060c0c9                subgreatVARIABLE
                0x000000000060c0ef                VECT
                0x000000000060c129                VALUE
                0x000000000060c16b                VARIABLE
                0x000000000060c1a1                cDOES1cend
                0x000000000060c1e6                DOESgreat
                0x000000000060c218                CREATE
                0x000000000060c237                CREATED
                0x000000000060c269                HEADER
                0x000000000060c289                YSHEADER
                0x000000000060c35d                queYDPgreatlessDP
                0x000000000060c3aa                YDPgreatlessDP
                0x000000000060c3e6                YDP_FL
                0x000000000060c40d                YDP0
                0x000000000060c42a                YDP
                0x000000000060c44c                LASTsubNON
                0x000000000060c46f                LASTsubCFA
                0x000000000060c48b                ABORTdtic
                0x000000000060c4b8                xCHARy
                0x000000000060c4e1                dotdtic
                0x000000000060c505                Cdtic
                0x000000000060c528                Sdtic
                0x000000000060c551                CLITERAL
                0x000000000060c581                SLITERAL
                0x000000000060c5d3                _2LITERAL
                0x000000000060c602                LITERAL
                0x000000000060c62d                xticy
                0x000000000060c64d                RrslW
                0x000000000060c668                WrslO
                0x000000000060c683                RrslO
                0x000000000060c6a3                NOTFOUND
                0x000000000060c724                FLITERAL
                0x000000000060c751                FLITcom
                0x000000000060c774                Fcom
                0x000000000060c79f                FLIT
                0x000000000060c7d6                greatFLOAT
                0x000000000060c839                ZFLOAT
                0x000000000060c951                FCELL
                0x000000000060c96b                Fless
                0x000000000060c986                F0equ
                0x000000000060c9a1                F0less
                0x000000000060c9bb                Fdot
                0x000000000060c9d8                CHARS
                0x000000000060c9e7                com
                0x000000000060ca0c                lessticgreat
                0x000000000060ca53                RELload
                0x000000000060ca76                SHORTque
                0x000000000060caa7                ASCIIsubZ
                0x000000000060caee                doladdsave
                0x000000000060cb03                dolsave
                0x000000000060cb27                TOUSERsubVALUEsubCODE
                0x000000000060cb59                USERsubVALUEsubCODE
                0x000000000060cb85                DOESsubCODE
                0x000000000060cbaf                CaddPLACE
                0x000000000060cbe1                addPLACE
                0x000000000060cc44                PLACE
                0x000000000060cc8a                dticCLIPdtic
                0x000000000060ccba                MAXCOUNTED
                0x000000000060ccd4                MOVE
                0x000000000060cd4a                ON
                0x000000000060cd6e                OFF
                0x000000000060cd96                xSEARCH
                0x000000000060ce35                xCOMPARE
                0x000000000060cf0b                SEARCH
                0x000000000060cfaa                COMPARE
                0x000000000060d084                AASAVE0
                0x000000000060d0a4                AASAVE
                0x000000000060d0c3                BLANK
                0x000000000060d0e0                ERASE
                0x000000000060d100                _0MAX
                0x000000000060d120                DABS
                0x000000000060d14c                DBG1
                0x000000000060d15d                DBG
                0x000000000060d170                FALSE
                0x000000000060d18a                TRUE
                0x000000000060d1a4                CELL
                0x000000000060d1c0                xTHENy
                0x000000000060d1d2                xIFy
                0x000000000060d1fb                xELSEy
                0x000000000060d319                V_UPPER
 *fill*         0x000000000060d327        0x1 00
 .data          0x000000000060d328        0x0 main.o
 *fill*         0x000000000060d328       0x18 00
 .data          0x000000000060d340      0x108 clibs.o
                0x000000000060d340                inet_addr_buff
                0x000000000060d440                inet_addr_buf
 .data          0x000000000060d448        0x0 /usr/lib/x86_64-linux-gnu/libc_nonshared.a(elf-init.oS)
 .data          0x000000000060d448        0x0 /usr/lib/gcc/x86_64-linux-gnu/4.7/crtend.o
 .data          0x000000000060d448        0x0 /usr/lib/gcc/x86_64-linux-gnu/4.7/../../../x86_64-linux-gnu/crtn.o

.tm_clone_table
                0x000000000060d448        0x0
 .tm_clone_table
                0x000000000060d448        0x0 /usr/lib/gcc/x86_64-linux-gnu/4.7/crtbegin.o
 .tm_clone_table
                0x000000000060d448        0x0 /usr/lib/gcc/x86_64-linux-gnu/4.7/crtend.o

.data1
 *(.data1)
                0x000000000060d448                _edata = .
                0x000000000060d448                PROVIDE (edata, .)
                0x000000000060d448                __bss_start = .

.bss            0x000000000060d460   0x9cf040
 *(.dynbss)
 .dynbss        0x000000000060d460        0x8 /usr/lib/gcc/x86_64-linux-gnu/4.7/../../../x86_64-linux-gnu/crt1.o
                0x000000000060d460                stdin@@GLIBC_2.2.5
 *(.bss .bss.* .gnu.linkonce.b.*)
 .bss           0x000000000060d468        0x0 /usr/lib/gcc/x86_64-linux-gnu/4.7/../../../x86_64-linux-gnu/crt1.o
 .bss           0x000000000060d468        0x0 /usr/lib/gcc/x86_64-linux-gnu/4.7/../../../x86_64-linux-gnu/crti.o
 .bss           0x000000000060d468        0x1 /usr/lib/gcc/x86_64-linux-gnu/4.7/crtbegin.o
 *fill*         0x000000000060d469        0x3 00
 .bss           0x000000000060d46c        0x0 amain.o
 .bss           0x000000000060d46c        0xc main.o
                0x000000000060d46c                key_query_char
 .bss           0x000000000060d478        0x0 clibs.o
 .bss           0x000000000060d478        0x0 /usr/lib/x86_64-linux-gnu/libc_nonshared.a(elf-init.oS)
 .bss           0x000000000060d478        0x0 /usr/lib/gcc/x86_64-linux-gnu/4.7/crtend.o
 .bss           0x000000000060d478        0x0 /usr/lib/gcc/x86_64-linux-gnu/4.7/../../../x86_64-linux-gnu/crtn.o
 *(COMMON)
 *fill*         0x000000000060d478        0x8 00
 COMMON         0x000000000060d480   0x9cd010 amain.o
                0x000000000060d480                HSPSAVE
                0x000000000060d488                BYELEVEL
                0x000000000060d490                _Stekc
                0x0000000000612490                T_YDP0
                0x0000000000616490                DP_BUFF
 *fill*         0x0000000000fda490       0x10 00
 COMMON         0x0000000000fda4a0     0x1ffc main.o
                0x0000000000fda4a0                FP
                0x0000000000fda4c0                FPBuf
                0x0000000000fdc410                ARGV1
                0x0000000000fdc418                ii
                0x0000000000fdc420                buf
                0x0000000000fdc460                tios0
 COMMON         0x0000000000fdc49c        0x4 clibs.o
                0x0000000000fdc49c                CIPAddr
                0x0000000000fdc4a0                . = ALIGN ((. != 0x0)?0x8:0x1)

.lbss
 *(.dynlbss)
 *(.lbss .lbss.* .gnu.linkonce.lb.*)
 *(LARGE_COMMON)
                0x0000000000fdc4a0                . = ALIGN (0x8)

.lrodata
 *(.lrodata .lrodata.* .gnu.linkonce.lr.*)

.ldata          0x00000000013dc4a0        0x0
 *(.ldata .ldata.* .gnu.linkonce.l.*)
                0x00000000013dc4a0                . = ALIGN ((. != 0x0)?0x8:0x1)
                0x00000000013dc4a0                . = ALIGN (0x8)
                0x00000000013dc4a0                _end = .
                0x00000000013dc4a0                PROVIDE (end, .)
                0x00000000013dc4a0                . = DATA_SEGMENT_END (.)

.stab
 *(.stab)

.stabstr
 *(.stabstr)

.stab.excl
 *(.stab.excl)

.stab.exclstr
 *(.stab.exclstr)

.stab.index
 *(.stab.index)

.stab.indexstr
 *(.stab.indexstr)

.comment        0x0000000000000000       0x38
 *(.comment)
 .comment       0x0000000000000000       0x1c /usr/lib/gcc/x86_64-linux-gnu/4.7/crtbegin.o
                                         0x1d (size before relaxing)
 .comment       0x0000000000000000       0x1d main.o
 .comment       0x0000000000000000       0x1d clibs.o
 .comment       0x000000000000001c       0x1c /usr/lib/x86_64-linux-gnu/libc_nonshared.a(elf-init.oS)
                                         0x1d (size before relaxing)
 .comment       0x0000000000000000       0x1d /usr/lib/gcc/x86_64-linux-gnu/4.7/crtend.o

.debug
 *(.debug)

.line
 *(.line)

.debug_srcinfo
 *(.debug_srcinfo)

.debug_sfnames
 *(.debug_sfnames)

.debug_aranges  0x0000000000000000       0xa0
 *(.debug_aranges)
 .debug_aranges
                0x0000000000000000       0x40 amain.o
 .debug_aranges
                0x0000000000000040       0x30 main.o
 .debug_aranges
                0x0000000000000070       0x30 clibs.o

.debug_pubnames
 *(.debug_pubnames)

.debug_info     0x0000000000000000     0x1880
 *(.debug_info .gnu.linkonce.wi.*)
 .debug_info    0x0000000000000000       0x44 amain.o
 .debug_info    0x0000000000000044      0xde9 main.o
 .debug_info    0x0000000000000e2d      0xa53 clibs.o

.debug_abbrev   0x0000000000000000      0x4fa
 *(.debug_abbrev)
 .debug_abbrev  0x0000000000000000       0x12 amain.o
 .debug_abbrev  0x0000000000000012      0x318 main.o
 .debug_abbrev  0x000000000000032a      0x1d0 clibs.o

.debug_line     0x0000000000000000     0x16ec
 *(.debug_line)
 .debug_line    0x0000000000000000     0x12d7 amain.o
 .debug_line    0x00000000000012d7      0x285 main.o
 .debug_line    0x000000000000155c      0x190 clibs.o

.debug_frame
 *(.debug_frame)

.debug_str      0x0000000000000000      0x9eb
 *(.debug_str)
 .debug_str     0x0000000000000000      0x430 main.o
                                        0x496 (size before relaxing)
 .debug_str     0x0000000000000430      0x5bb clibs.o
                                        0x693 (size before relaxing)

.debug_loc      0x0000000000000000     0x154c
 *(.debug_loc)
 .debug_loc     0x0000000000000000     0x112c main.o
 .debug_loc     0x000000000000112c      0x420 clibs.o

.debug_macinfo
 *(.debug_macinfo)

.debug_weaknames
 *(.debug_weaknames)

.debug_funcnames
 *(.debug_funcnames)

.debug_typenames
 *(.debug_typenames)

.debug_varnames
 *(.debug_varnames)

.debug_pubtypes
 *(.debug_pubtypes)

.debug_ranges   0x0000000000000000       0x40
 *(.debug_ranges)
 .debug_ranges  0x0000000000000000       0x40 amain.o

.gnu.attributes
 *(.gnu.attributes)

/DISCARD/
 *(.note.GNU-stack)
 *(.gnu_debuglink)
 *(.gnu.lto_*)
OUTPUT(spf64 elf64-x86-64)
